// Validating benchmarks:
// ***** BenchmarkRunner: Start   *****
// ***** Found 9 benchmark(s) in total *****
// ***** Building 1 exe(s) in Parallel: Start   *****
// start dotnet  restore --nodeReuse:false /p:UseSharedCompilation=false /p:Deterministic=true /p:Optimize=true /p:ArtifactsPath="C:\Users\proek\Documents\GitHub\ModAB-Root-Finding\C#\Root.Benchmark\bin\Release\net10.0\Root.Benchmark-DefaultJob-1/" /p:OutDir="C:\Users\proek\Documents\GitHub\ModAB-Root-Finding\C#\Root.Benchmark\bin\Release\net10.0\Root.Benchmark-DefaultJob-1\bin\Release\net10.0/" /p:OutputPath="C:\Users\proek\Documents\GitHub\ModAB-Root-Finding\C#\Root.Benchmark\bin\Release\net10.0\Root.Benchmark-DefaultJob-1\bin\Release\net10.0/" /p:PublishDir="C:\Users\proek\Documents\GitHub\ModAB-Root-Finding\C#\Root.Benchmark\bin\Release\net10.0\Root.Benchmark-DefaultJob-1\publish/" in C:\Users\proek\Documents\GitHub\ModAB-Root-Finding\C#\Root.Benchmark\bin\Release\net10.0\Root.Benchmark-DefaultJob-1
// command took 2.24 sec and exited with 0
// start dotnet  build -c Release --no-restore --nodeReuse:false /p:UseSharedCompilation=false /p:Deterministic=true /p:Optimize=true /p:ArtifactsPath="C:\Users\proek\Documents\GitHub\ModAB-Root-Finding\C#\Root.Benchmark\bin\Release\net10.0\Root.Benchmark-DefaultJob-1/" /p:OutDir="C:\Users\proek\Documents\GitHub\ModAB-Root-Finding\C#\Root.Benchmark\bin\Release\net10.0\Root.Benchmark-DefaultJob-1\bin\Release\net10.0/" /p:OutputPath="C:\Users\proek\Documents\GitHub\ModAB-Root-Finding\C#\Root.Benchmark\bin\Release\net10.0\Root.Benchmark-DefaultJob-1\bin\Release\net10.0/" /p:PublishDir="C:\Users\proek\Documents\GitHub\ModAB-Root-Finding\C#\Root.Benchmark\bin\Release\net10.0\Root.Benchmark-DefaultJob-1\publish/" --output "C:\Users\proek\Documents\GitHub\ModAB-Root-Finding\C#\Root.Benchmark\bin\Release\net10.0\Root.Benchmark-DefaultJob-1\bin\Release\net10.0/" in C:\Users\proek\Documents\GitHub\ModAB-Root-Finding\C#\Root.Benchmark\bin\Release\net10.0\Root.Benchmark-DefaultJob-1
// command took 8.25 sec and exited with 0
// ***** Done, took 00:00:10 (10.6 sec)   *****
// Found 9 benchmarks:
//   BenchmarkTime.Bisection: DefaultJob
//   BenchmarkTime.FalsePosition: DefaultJob
//   BenchmarkTime.Illinois: DefaultJob
//   BenchmarkTime.AndersonBjork: DefaultJob
//   BenchmarkTime.ITP: DefaultJob
//   BenchmarkTime.Ridders: DefaultJob
//   BenchmarkTime.Brent: DefaultJob
//   BenchmarkTime.ModAB: DefaultJob
//   BenchmarkTime.ModABCorr: DefaultJob

Setup power plan (GUID: 8c5e7fda-e8bf-4a96-9a85-a6e23a8c635c FriendlyName: Висока производителност)
// **************************
// Benchmark: BenchmarkTime.Bisection: DefaultJob
// *** Execute ***
// Launch: 1 / 1
// Execute: dotnet Root.Benchmark-DefaultJob-1.dll --anonymousPipes 1272 900 --benchmarkName Root.Benchmark.BenchmarkTime.Bisection --job Default --benchmarkId 0 in C:\Users\proek\Documents\GitHub\ModAB-Root-Finding\C#\Root.Benchmark\bin\Release\net10.0\Root.Benchmark-DefaultJob-1\bin\Release\net10.0
// BeforeAnythingElse

// Benchmark Process Environment Information:
// BenchmarkDotNet v0.15.8
// Runtime=.NET 10.0.12 (10.0.12, 10.0.1226.42308), X64 RyuJIT x86-64-v4
// GC=Concurrent Workstation
// HardwareIntrinsics=AVX512 BITALG+VBMI2+VNNI+VPOPCNTDQ,AVX512 IFMA+VBMI,AVX512 F+BW+CD+DQ+VL,AVX2+BMI1+BMI2+F16C+FMA+LZCNT+MOVBE,AVX,SSE3+SSSE3+SSE4.1+SSE4.2+POPCNT,X86Base+SSE+SSE2,AES+PCLMUL VectorSize=256
// Job: DefaultJob

OverheadJitting  1: 1 op, 159700.00 ns, 159.7000 us/op
WorkloadJitting  1: 1 op, 79468200.00 ns, 79.4682 ms/op

WorkloadPilot    1: 2 op, 718800.00 ns, 359.4000 us/op
WorkloadPilot    2: 3 op, 1013100.00 ns, 337.7000 us/op
WorkloadPilot    3: 4 op, 1158800.00 ns, 289.7000 us/op
WorkloadPilot    4: 5 op, 1400400.00 ns, 280.0800 us/op
WorkloadPilot    5: 6 op, 1569500.00 ns, 261.5833 us/op
WorkloadPilot    6: 7 op, 1927100.00 ns, 275.3000 us/op
WorkloadPilot    7: 8 op, 2026800.00 ns, 253.3500 us/op
WorkloadPilot    8: 9 op, 2418000.00 ns, 268.6667 us/op
WorkloadPilot    9: 10 op, 2598700.00 ns, 259.8700 us/op
WorkloadPilot   10: 11 op, 2735900.00 ns, 248.7182 us/op
WorkloadPilot   11: 12 op, 2962200.00 ns, 246.8500 us/op
WorkloadPilot   12: 13 op, 3246700.00 ns, 249.7462 us/op
WorkloadPilot   13: 14 op, 4014900.00 ns, 286.7786 us/op
WorkloadPilot   14: 15 op, 3837600.00 ns, 255.8400 us/op
WorkloadPilot   15: 16 op, 4098500.00 ns, 256.1563 us/op
WorkloadPilot   16: 32 op, 10669000.00 ns, 333.4063 us/op
WorkloadPilot   17: 64 op, 17196500.00 ns, 268.6953 us/op
WorkloadPilot   18: 128 op, 34456300.00 ns, 269.1898 us/op
WorkloadPilot   19: 256 op, 71539900.00 ns, 279.4527 us/op
WorkloadPilot   20: 512 op, 74790400.00 ns, 146.0750 us/op
WorkloadPilot   21: 1024 op, 100781800.00 ns, 98.4197 us/op
WorkloadPilot   22: 2048 op, 203515400.00 ns, 99.3728 us/op
WorkloadPilot   23: 4096 op, 410857300.00 ns, 100.3070 us/op
WorkloadPilot   24: 8192 op, 854127900.00 ns, 104.2637 us/op

WorkloadWarmup   1: 8192 op, 844821000.00 ns, 103.1276 us/op
WorkloadWarmup   2: 8192 op, 808732600.00 ns, 98.7222 us/op
WorkloadWarmup   3: 8192 op, 809636900.00 ns, 98.8326 us/op
WorkloadWarmup   4: 8192 op, 817450100.00 ns, 99.7864 us/op
WorkloadWarmup   5: 8192 op, 837754000.00 ns, 102.2649 us/op
WorkloadWarmup   6: 8192 op, 858006400.00 ns, 104.7371 us/op
WorkloadWarmup   7: 8192 op, 846427700.00 ns, 103.3237 us/op
WorkloadWarmup   8: 8192 op, 841676700.00 ns, 102.7437 us/op
WorkloadWarmup   9: 8192 op, 800536100.00 ns, 97.7217 us/op
WorkloadWarmup  10: 8192 op, 863500400.00 ns, 105.4078 us/op
WorkloadWarmup  11: 8192 op, 814117400.00 ns, 99.3796 us/op

// BeforeActualRun
WorkloadActual   1: 8192 op, 807822800.00 ns, 98.6112 us/op
WorkloadActual   2: 8192 op, 840813600.00 ns, 102.6384 us/op
WorkloadActual   3: 8192 op, 836328000.00 ns, 102.0908 us/op
WorkloadActual   4: 8192 op, 839354600.00 ns, 102.4603 us/op
WorkloadActual   5: 8192 op, 839185900.00 ns, 102.4397 us/op
WorkloadActual   6: 8192 op, 843464900.00 ns, 102.9620 us/op
WorkloadActual   7: 8192 op, 809779500.00 ns, 98.8500 us/op
WorkloadActual   8: 8192 op, 816233300.00 ns, 99.6379 us/op
WorkloadActual   9: 8192 op, 818209100.00 ns, 99.8790 us/op
WorkloadActual  10: 8192 op, 823779900.00 ns, 100.5591 us/op
WorkloadActual  11: 8192 op, 807887400.00 ns, 98.6191 us/op
WorkloadActual  12: 8192 op, 816038400.00 ns, 99.6141 us/op
WorkloadActual  13: 8192 op, 820478100.00 ns, 100.1560 us/op
WorkloadActual  14: 8192 op, 839426700.00 ns, 102.4691 us/op
WorkloadActual  15: 8192 op, 833592800.00 ns, 101.7569 us/op

// AfterActualRun
WorkloadResult   1: 8192 op, 807822800.00 ns, 98.6112 us/op
WorkloadResult   2: 8192 op, 840813600.00 ns, 102.6384 us/op
WorkloadResult   3: 8192 op, 836328000.00 ns, 102.0908 us/op
WorkloadResult   4: 8192 op, 839354600.00 ns, 102.4603 us/op
WorkloadResult   5: 8192 op, 839185900.00 ns, 102.4397 us/op
WorkloadResult   6: 8192 op, 843464900.00 ns, 102.9620 us/op
WorkloadResult   7: 8192 op, 809779500.00 ns, 98.8500 us/op
WorkloadResult   8: 8192 op, 816233300.00 ns, 99.6379 us/op
WorkloadResult   9: 8192 op, 818209100.00 ns, 99.8790 us/op
WorkloadResult  10: 8192 op, 823779900.00 ns, 100.5591 us/op
WorkloadResult  11: 8192 op, 807887400.00 ns, 98.6191 us/op
WorkloadResult  12: 8192 op, 816038400.00 ns, 99.6141 us/op
WorkloadResult  13: 8192 op, 820478100.00 ns, 100.1560 us/op
WorkloadResult  14: 8192 op, 839426700.00 ns, 102.4691 us/op
WorkloadResult  15: 8192 op, 833592800.00 ns, 101.7569 us/op

// AfterAll
// Benchmark Process 40036 has exited with code 0.

Mean = 100.850 μs, StdErr = 0.416 μs (0.41%), N = 15, StdDev = 1.609 μs
Min = 98.611 μs, Q1 = 99.626 μs, Median = 100.559 μs, Q3 = 102.450 μs, Max = 102.962 μs
IQR = 2.824 μs, LowerFence = 95.390 μs, UpperFence = 106.686 μs
ConfidenceInterval = [99.129 μs; 102.570 μs] (CI 99.9%), Margin = 1.720 μs (1.71% of Mean)
Skewness = -0.08, Kurtosis = 1.24, MValue = 2

// ** Remained 8 (88.9%) benchmark(s) to run. Estimated finish 2026-09-22 1:49 (0h 3m from now) **
Setup power plan (GUID: 8c5e7fda-e8bf-4a96-9a85-a6e23a8c635c FriendlyName: Висока производителност)
// **************************
// Benchmark: BenchmarkTime.FalsePosition: DefaultJob
// *** Execute ***
// Launch: 1 / 1
// Execute: dotnet Root.Benchmark-DefaultJob-1.dll --anonymousPipes 1264 1196 --benchmarkName Root.Benchmark.BenchmarkTime.FalsePosition --job Default --benchmarkId 1 in C:\Users\proek\Documents\GitHub\ModAB-Root-Finding\C#\Root.Benchmark\bin\Release\net10.0\Root.Benchmark-DefaultJob-1\bin\Release\net10.0
// BeforeAnythingElse

// Benchmark Process Environment Information:
// BenchmarkDotNet v0.15.8
// Runtime=.NET 10.0.12 (10.0.12, 10.0.1226.42308), X64 RyuJIT x86-64-v4
// GC=Concurrent Workstation
// HardwareIntrinsics=AVX512 BITALG+VBMI2+VNNI+VPOPCNTDQ,AVX512 IFMA+VBMI,AVX512 F+BW+CD+DQ+VL,AVX2+BMI1+BMI2+F16C+FMA+LZCNT+MOVBE,AVX,SSE3+SSSE3+SSE4.1+SSE4.2+POPCNT,X86Base+SSE+SSE2,AES+PCLMUL VectorSize=256
// Job: DefaultJob

OverheadJitting  1: 1 op, 178400.00 ns, 178.4000 us/op
WorkloadJitting  1: 1 op, 76587100.00 ns, 76.5871 ms/op

WorkloadPilot    1: 2 op, 1308500.00 ns, 654.2500 us/op
WorkloadPilot    2: 3 op, 1739200.00 ns, 579.7333 us/op
WorkloadPilot    3: 4 op, 2290100.00 ns, 572.5250 us/op
WorkloadPilot    4: 5 op, 2999100.00 ns, 599.8200 us/op
WorkloadPilot    5: 6 op, 3375200.00 ns, 562.5333 us/op
WorkloadPilot    6: 7 op, 4095800.00 ns, 585.1143 us/op
WorkloadPilot    7: 8 op, 5085700.00 ns, 635.7125 us/op
WorkloadPilot    8: 9 op, 5412100.00 ns, 601.3444 us/op
WorkloadPilot    9: 10 op, 5952000.00 ns, 595.2000 us/op
WorkloadPilot   10: 11 op, 6471900.00 ns, 588.3545 us/op
WorkloadPilot   11: 12 op, 7626600.00 ns, 635.5500 us/op
WorkloadPilot   12: 13 op, 7641300.00 ns, 587.7923 us/op
WorkloadPilot   13: 14 op, 8460100.00 ns, 604.2929 us/op
WorkloadPilot   14: 15 op, 9736800.00 ns, 649.1200 us/op
WorkloadPilot   15: 16 op, 9946300.00 ns, 621.6438 us/op
WorkloadPilot   16: 32 op, 19166100.00 ns, 598.9406 us/op
WorkloadPilot   17: 64 op, 39393400.00 ns, 615.5219 us/op
WorkloadPilot   18: 128 op, 72661900.00 ns, 567.6711 us/op
WorkloadPilot   19: 256 op, 94762900.00 ns, 370.1676 us/op
WorkloadPilot   20: 512 op, 189333800.00 ns, 369.7926 us/op
WorkloadPilot   21: 1024 op, 374002300.00 ns, 365.2366 us/op
WorkloadPilot   22: 2048 op, 754519300.00 ns, 368.4176 us/op

WorkloadWarmup   1: 2048 op, 752326500.00 ns, 367.3469 us/op
WorkloadWarmup   2: 2048 op, 748539800.00 ns, 365.4979 us/op
WorkloadWarmup   3: 2048 op, 746288300.00 ns, 364.3986 us/op
WorkloadWarmup   4: 2048 op, 756179200.00 ns, 369.2281 us/op
WorkloadWarmup   5: 2048 op, 761963200.00 ns, 372.0523 us/op
WorkloadWarmup   6: 2048 op, 752583600.00 ns, 367.4725 us/op
WorkloadWarmup   7: 2048 op, 748502100.00 ns, 365.4795 us/op
WorkloadWarmup   8: 2048 op, 752135400.00 ns, 367.2536 us/op
WorkloadWarmup   9: 2048 op, 751860600.00 ns, 367.1194 us/op

// BeforeActualRun
WorkloadActual   1: 2048 op, 749772200.00 ns, 366.0997 us/op
WorkloadActual   2: 2048 op, 752011500.00 ns, 367.1931 us/op
WorkloadActual   3: 2048 op, 774373800.00 ns, 378.1122 us/op
WorkloadActual   4: 2048 op, 754540900.00 ns, 368.4282 us/op
WorkloadActual   5: 2048 op, 752521400.00 ns, 367.4421 us/op
WorkloadActual   6: 2048 op, 794558200.00 ns, 387.9679 us/op
WorkloadActual   7: 2048 op, 778439400.00 ns, 380.0974 us/op
WorkloadActual   8: 2048 op, 787886500.00 ns, 384.7102 us/op
WorkloadActual   9: 2048 op, 1387129300.00 ns, 677.3092 us/op
WorkloadActual  10: 2048 op, 1145038600.00 ns, 559.1009 us/op
WorkloadActual  11: 2048 op, 776753200.00 ns, 379.2740 us/op
WorkloadActual  12: 2048 op, 764796300.00 ns, 373.4357 us/op
WorkloadActual  13: 2048 op, 781233400.00 ns, 381.4616 us/op
WorkloadActual  14: 2048 op, 823000600.00 ns, 401.8558 us/op
WorkloadActual  15: 2048 op, 745238000.00 ns, 363.8857 us/op
WorkloadActual  16: 2048 op, 765915700.00 ns, 373.9823 us/op
WorkloadActual  17: 2048 op, 760649500.00 ns, 371.4109 us/op
WorkloadActual  18: 2048 op, 845855800.00 ns, 413.0155 us/op
WorkloadActual  19: 2048 op, 752191000.00 ns, 367.2808 us/op
WorkloadActual  20: 2048 op, 797783100.00 ns, 389.5425 us/op
WorkloadActual  21: 2048 op, 747827500.00 ns, 365.1501 us/op
WorkloadActual  22: 2048 op, 753639200.00 ns, 367.9879 us/op
WorkloadActual  23: 2048 op, 758926400.00 ns, 370.5695 us/op
WorkloadActual  24: 2048 op, 757485800.00 ns, 369.8661 us/op
WorkloadActual  25: 2048 op, 757557700.00 ns, 369.9012 us/op
WorkloadActual  26: 2048 op, 748542000.00 ns, 365.4990 us/op
WorkloadActual  27: 2048 op, 747562600.00 ns, 365.0208 us/op

// AfterActualRun
WorkloadResult   1: 2048 op, 749772200.00 ns, 366.0997 us/op
WorkloadResult   2: 2048 op, 752011500.00 ns, 367.1931 us/op
WorkloadResult   3: 2048 op, 774373800.00 ns, 378.1122 us/op
WorkloadResult   4: 2048 op, 754540900.00 ns, 368.4282 us/op
WorkloadResult   5: 2048 op, 752521400.00 ns, 367.4421 us/op
WorkloadResult   6: 2048 op, 794558200.00 ns, 387.9679 us/op
WorkloadResult   7: 2048 op, 778439400.00 ns, 380.0974 us/op
WorkloadResult   8: 2048 op, 787886500.00 ns, 384.7102 us/op
WorkloadResult   9: 2048 op, 776753200.00 ns, 379.2740 us/op
WorkloadResult  10: 2048 op, 764796300.00 ns, 373.4357 us/op
WorkloadResult  11: 2048 op, 781233400.00 ns, 381.4616 us/op
WorkloadResult  12: 2048 op, 823000600.00 ns, 401.8558 us/op
WorkloadResult  13: 2048 op, 745238000.00 ns, 363.8857 us/op
WorkloadResult  14: 2048 op, 765915700.00 ns, 373.9823 us/op
WorkloadResult  15: 2048 op, 760649500.00 ns, 371.4109 us/op
WorkloadResult  16: 2048 op, 752191000.00 ns, 367.2808 us/op
WorkloadResult  17: 2048 op, 797783100.00 ns, 389.5425 us/op
WorkloadResult  18: 2048 op, 747827500.00 ns, 365.1501 us/op
WorkloadResult  19: 2048 op, 753639200.00 ns, 367.9879 us/op
WorkloadResult  20: 2048 op, 758926400.00 ns, 370.5695 us/op
WorkloadResult  21: 2048 op, 757485800.00 ns, 369.8661 us/op
WorkloadResult  22: 2048 op, 757557700.00 ns, 369.9012 us/op
WorkloadResult  23: 2048 op, 748542000.00 ns, 365.4990 us/op
WorkloadResult  24: 2048 op, 747562600.00 ns, 365.0208 us/op

// AfterAll
// Benchmark Process 46644 has exited with code 0.

Mean = 374.007 μs, StdErr = 1.958 μs (0.52%), N = 24, StdDev = 9.590 μs
Min = 363.886 μs, Q1 = 367.259 μs, Median = 370.235 μs, Q3 = 379.480 μs, Max = 401.856 μs
IQR = 12.221 μs, LowerFence = 348.927 μs, UpperFence = 397.811 μs
ConfidenceInterval = [366.632 μs; 381.382 μs] (CI 99.9%), Margin = 7.375 μs (1.97% of Mean)
Skewness = 1.19, Kurtosis = 3.73, MValue = 2

// ** Remained 7 (77.8%) benchmark(s) to run. Estimated finish 2026-09-22 1:50 (0h 3m from now) **
Setup power plan (GUID: 8c5e7fda-e8bf-4a96-9a85-a6e23a8c635c FriendlyName: Висока производителност)
// **************************
// Benchmark: BenchmarkTime.Illinois: DefaultJob
// *** Execute ***
// Launch: 1 / 1
// Execute: dotnet Root.Benchmark-DefaultJob-1.dll --anonymousPipes 644 1224 --benchmarkName Root.Benchmark.BenchmarkTime.Illinois --job Default --benchmarkId 2 in C:\Users\proek\Documents\GitHub\ModAB-Root-Finding\C#\Root.Benchmark\bin\Release\net10.0\Root.Benchmark-DefaultJob-1\bin\Release\net10.0
// BeforeAnythingElse

// Benchmark Process Environment Information:
// BenchmarkDotNet v0.15.8
// Runtime=.NET 10.0.12 (10.0.12, 10.0.1226.42308), X64 RyuJIT x86-64-v4
// GC=Concurrent Workstation
// HardwareIntrinsics=AVX512 BITALG+VBMI2+VNNI+VPOPCNTDQ,AVX512 IFMA+VBMI,AVX512 F+BW+CD+DQ+VL,AVX2+BMI1+BMI2+F16C+FMA+LZCNT+MOVBE,AVX,SSE3+SSSE3+SSE4.1+SSE4.2+POPCNT,X86Base+SSE+SSE2,AES+PCLMUL VectorSize=256
// Job: DefaultJob

OverheadJitting  1: 1 op, 168600.00 ns, 168.6000 us/op
WorkloadJitting  1: 1 op, 81581600.00 ns, 81.5816 ms/op

WorkloadPilot    1: 2 op, 616600.00 ns, 308.3000 us/op
WorkloadPilot    2: 3 op, 906300.00 ns, 302.1000 us/op
WorkloadPilot    3: 4 op, 1185900.00 ns, 296.4750 us/op
WorkloadPilot    4: 5 op, 1443700.00 ns, 288.7400 us/op
WorkloadPilot    5: 6 op, 1675400.00 ns, 279.2333 us/op
WorkloadPilot    6: 7 op, 1922400.00 ns, 274.6286 us/op
WorkloadPilot    7: 8 op, 2358500.00 ns, 294.8125 us/op
WorkloadPilot    8: 9 op, 2691800.00 ns, 299.0889 us/op
WorkloadPilot    9: 10 op, 3591900.00 ns, 359.1900 us/op
WorkloadPilot   10: 11 op, 3296100.00 ns, 299.6455 us/op
WorkloadPilot   11: 12 op, 3227500.00 ns, 268.9583 us/op
WorkloadPilot   12: 13 op, 3633600.00 ns, 279.5077 us/op
WorkloadPilot   13: 14 op, 4030500.00 ns, 287.8929 us/op
WorkloadPilot   14: 15 op, 4228600.00 ns, 281.9067 us/op
WorkloadPilot   15: 16 op, 4471500.00 ns, 279.4688 us/op
WorkloadPilot   16: 32 op, 9248700.00 ns, 289.0219 us/op
WorkloadPilot   17: 64 op, 17802100.00 ns, 278.1578 us/op
WorkloadPilot   18: 128 op, 35582000.00 ns, 277.9844 us/op
WorkloadPilot   19: 256 op, 71672200.00 ns, 279.9695 us/op
WorkloadPilot   20: 512 op, 90070000.00 ns, 175.9180 us/op
WorkloadPilot   21: 1024 op, 155654000.00 ns, 152.0059 us/op
WorkloadPilot   22: 2048 op, 305800900.00 ns, 149.3168 us/op
WorkloadPilot   23: 4096 op, 617324500.00 ns, 150.7140 us/op

WorkloadWarmup   1: 4096 op, 619839800.00 ns, 151.3281 us/op
WorkloadWarmup   2: 4096 op, 613073100.00 ns, 149.6760 us/op
WorkloadWarmup   3: 4096 op, 615385000.00 ns, 150.2405 us/op
WorkloadWarmup   4: 4096 op, 616264200.00 ns, 150.4551 us/op
WorkloadWarmup   5: 4096 op, 614239200.00 ns, 149.9607 us/op
WorkloadWarmup   6: 4096 op, 615090700.00 ns, 150.1686 us/op
WorkloadWarmup   7: 4096 op, 620139800.00 ns, 151.4013 us/op
WorkloadWarmup   8: 4096 op, 615654000.00 ns, 150.3062 us/op

// BeforeActualRun
WorkloadActual   1: 4096 op, 608326400.00 ns, 148.5172 us/op
WorkloadActual   2: 4096 op, 625816500.00 ns, 152.7872 us/op
WorkloadActual   3: 4096 op, 613107600.00 ns, 149.6845 us/op
WorkloadActual   4: 4096 op, 613011300.00 ns, 149.6610 us/op
WorkloadActual   5: 4096 op, 607252400.00 ns, 148.2550 us/op
WorkloadActual   6: 4096 op, 625386100.00 ns, 152.6822 us/op
WorkloadActual   7: 4096 op, 612044900.00 ns, 149.4250 us/op
WorkloadActual   8: 4096 op, 607725000.00 ns, 148.3704 us/op
WorkloadActual   9: 4096 op, 611751200.00 ns, 149.3533 us/op
WorkloadActual  10: 4096 op, 609940800.00 ns, 148.9113 us/op
WorkloadActual  11: 4096 op, 623969900.00 ns, 152.3364 us/op
WorkloadActual  12: 4096 op, 618577000.00 ns, 151.0198 us/op
WorkloadActual  13: 4096 op, 620299100.00 ns, 151.4402 us/op
WorkloadActual  14: 4096 op, 615139100.00 ns, 150.1804 us/op
WorkloadActual  15: 4096 op, 618694300.00 ns, 151.0484 us/op

// AfterActualRun
WorkloadResult   1: 4096 op, 608326400.00 ns, 148.5172 us/op
WorkloadResult   2: 4096 op, 625816500.00 ns, 152.7872 us/op
WorkloadResult   3: 4096 op, 613107600.00 ns, 149.6845 us/op
WorkloadResult   4: 4096 op, 613011300.00 ns, 149.6610 us/op
WorkloadResult   5: 4096 op, 607252400.00 ns, 148.2550 us/op
WorkloadResult   6: 4096 op, 625386100.00 ns, 152.6822 us/op
WorkloadResult   7: 4096 op, 612044900.00 ns, 149.4250 us/op
WorkloadResult   8: 4096 op, 607725000.00 ns, 148.3704 us/op
WorkloadResult   9: 4096 op, 611751200.00 ns, 149.3533 us/op
WorkloadResult  10: 4096 op, 609940800.00 ns, 148.9113 us/op
WorkloadResult  11: 4096 op, 623969900.00 ns, 152.3364 us/op
WorkloadResult  12: 4096 op, 618577000.00 ns, 151.0198 us/op
WorkloadResult  13: 4096 op, 620299100.00 ns, 151.4402 us/op
WorkloadResult  14: 4096 op, 615139100.00 ns, 150.1804 us/op
WorkloadResult  15: 4096 op, 618694300.00 ns, 151.0484 us/op

// AfterAll
// Benchmark Process 44928 has exited with code 0.

Mean = 150.245 μs, StdErr = 0.401 μs (0.27%), N = 15, StdDev = 1.554 μs
Min = 148.255 μs, Q1 = 149.132 μs, Median = 149.684 μs, Q3 = 151.244 μs, Max = 152.787 μs
IQR = 2.112 μs, LowerFence = 145.964 μs, UpperFence = 154.412 μs
ConfidenceInterval = [148.583 μs; 151.906 μs] (CI 99.9%), Margin = 1.662 μs (1.11% of Mean)
Skewness = 0.34, Kurtosis = 1.6, MValue = 2

// ** Remained 6 (66.7%) benchmark(s) to run. Estimated finish 2026-09-22 1:49 (0h 2m from now) **
Setup power plan (GUID: 8c5e7fda-e8bf-4a96-9a85-a6e23a8c635c FriendlyName: Висока производителност)
// **************************
// Benchmark: BenchmarkTime.AndersonBjork: DefaultJob
// *** Execute ***
// Launch: 1 / 1
// Execute: dotnet Root.Benchmark-DefaultJob-1.dll --anonymousPipes 1304 1196 --benchmarkName Root.Benchmark.BenchmarkTime.AndersonBjork --job Default --benchmarkId 3 in C:\Users\proek\Documents\GitHub\ModAB-Root-Finding\C#\Root.Benchmark\bin\Release\net10.0\Root.Benchmark-DefaultJob-1\bin\Release\net10.0
// BeforeAnythingElse

// Benchmark Process Environment Information:
// BenchmarkDotNet v0.15.8
// Runtime=.NET 10.0.12 (10.0.12, 10.0.1226.42308), X64 RyuJIT x86-64-v4
// GC=Concurrent Workstation
// HardwareIntrinsics=AVX512 BITALG+VBMI2+VNNI+VPOPCNTDQ,AVX512 IFMA+VBMI,AVX512 F+BW+CD+DQ+VL,AVX2+BMI1+BMI2+F16C+FMA+LZCNT+MOVBE,AVX,SSE3+SSSE3+SSE4.1+SSE4.2+POPCNT,X86Base+SSE+SSE2,AES+PCLMUL VectorSize=256
// Job: DefaultJob

OverheadJitting  1: 1 op, 155900.00 ns, 155.9000 us/op
WorkloadJitting  1: 1 op, 77378800.00 ns, 77.3788 ms/op

WorkloadPilot    1: 2 op, 777200.00 ns, 388.6000 us/op
WorkloadPilot    2: 3 op, 1120900.00 ns, 373.6333 us/op
WorkloadPilot    3: 4 op, 1432100.00 ns, 358.0250 us/op
WorkloadPilot    4: 5 op, 1818900.00 ns, 363.7800 us/op
WorkloadPilot    5: 6 op, 2250700.00 ns, 375.1167 us/op
WorkloadPilot    6: 7 op, 2568900.00 ns, 366.9857 us/op
WorkloadPilot    7: 8 op, 3107100.00 ns, 388.3875 us/op
WorkloadPilot    8: 9 op, 3453300.00 ns, 383.7000 us/op
WorkloadPilot    9: 10 op, 3753800.00 ns, 375.3800 us/op
WorkloadPilot   10: 11 op, 4052700.00 ns, 368.4273 us/op
WorkloadPilot   11: 12 op, 4304200.00 ns, 358.6833 us/op
WorkloadPilot   12: 13 op, 5611500.00 ns, 431.6538 us/op
WorkloadPilot   13: 14 op, 5174700.00 ns, 369.6214 us/op
WorkloadPilot   14: 15 op, 5460500.00 ns, 364.0333 us/op
WorkloadPilot   15: 16 op, 5890300.00 ns, 368.1438 us/op
WorkloadPilot   16: 32 op, 11631900.00 ns, 363.4969 us/op
WorkloadPilot   17: 64 op, 23709400.00 ns, 370.4594 us/op
WorkloadPilot   18: 128 op, 47609000.00 ns, 371.9453 us/op
WorkloadPilot   19: 256 op, 93086300.00 ns, 363.6184 us/op
WorkloadPilot   20: 512 op, 108974500.00 ns, 212.8408 us/op
WorkloadPilot   21: 1024 op, 222830800.00 ns, 217.6082 us/op
WorkloadPilot   22: 2048 op, 441523000.00 ns, 215.5874 us/op
WorkloadPilot   23: 4096 op, 876378000.00 ns, 213.9595 us/op

WorkloadWarmup   1: 4096 op, 871934300.00 ns, 212.8746 us/op
WorkloadWarmup   2: 4096 op, 869150200.00 ns, 212.1949 us/op
WorkloadWarmup   3: 4096 op, 881027000.00 ns, 215.0945 us/op
WorkloadWarmup   4: 4096 op, 876359500.00 ns, 213.9550 us/op
WorkloadWarmup   5: 4096 op, 876465600.00 ns, 213.9809 us/op
WorkloadWarmup   6: 4096 op, 876452300.00 ns, 213.9776 us/op

// BeforeActualRun
WorkloadActual   1: 4096 op, 874756400.00 ns, 213.5636 us/op
WorkloadActual   2: 4096 op, 865404800.00 ns, 211.2805 us/op
WorkloadActual   3: 4096 op, 873809000.00 ns, 213.3323 us/op
WorkloadActual   4: 4096 op, 869596900.00 ns, 212.3039 us/op
WorkloadActual   5: 4096 op, 971457300.00 ns, 237.1722 us/op
WorkloadActual   6: 4096 op, 884400600.00 ns, 215.9181 us/op
WorkloadActual   7: 4096 op, 879775800.00 ns, 214.7890 us/op
WorkloadActual   8: 4096 op, 965569800.00 ns, 235.7348 us/op
WorkloadActual   9: 4096 op, 887867600.00 ns, 216.7646 us/op
WorkloadActual  10: 4096 op, 889531600.00 ns, 217.1708 us/op
WorkloadActual  11: 4096 op, 878479200.00 ns, 214.4725 us/op
WorkloadActual  12: 4096 op, 878736600.00 ns, 214.5353 us/op
WorkloadActual  13: 4096 op, 882322900.00 ns, 215.4109 us/op
WorkloadActual  14: 4096 op, 878985400.00 ns, 214.5960 us/op
WorkloadActual  15: 4096 op, 896799500.00 ns, 218.9452 us/op

// AfterActualRun
WorkloadResult   1: 4096 op, 874756400.00 ns, 213.5636 us/op
WorkloadResult   2: 4096 op, 865404800.00 ns, 211.2805 us/op
WorkloadResult   3: 4096 op, 873809000.00 ns, 213.3323 us/op
WorkloadResult   4: 4096 op, 869596900.00 ns, 212.3039 us/op
WorkloadResult   5: 4096 op, 884400600.00 ns, 215.9181 us/op
WorkloadResult   6: 4096 op, 879775800.00 ns, 214.7890 us/op
WorkloadResult   7: 4096 op, 887867600.00 ns, 216.7646 us/op
WorkloadResult   8: 4096 op, 889531600.00 ns, 217.1708 us/op
WorkloadResult   9: 4096 op, 878479200.00 ns, 214.4725 us/op
WorkloadResult  10: 4096 op, 878736600.00 ns, 214.5353 us/op
WorkloadResult  11: 4096 op, 882322900.00 ns, 215.4109 us/op
WorkloadResult  12: 4096 op, 878985400.00 ns, 214.5960 us/op
WorkloadResult  13: 4096 op, 896799500.00 ns, 218.9452 us/op

// AfterAll
// Benchmark Process 6924 has exited with code 0.

Mean = 214.853 μs, StdErr = 0.570 μs (0.27%), N = 13, StdDev = 2.057 μs
Min = 211.280 μs, Q1 = 213.564 μs, Median = 214.596 μs, Q3 = 215.918 μs, Max = 218.945 μs
IQR = 2.355 μs, LowerFence = 210.032 μs, UpperFence = 219.450 μs
ConfidenceInterval = [212.389 μs; 217.316 μs] (CI 99.9%), Margin = 2.463 μs (1.15% of Mean)
Skewness = 0.19, Kurtosis = 2.31, MValue = 2

// ** Remained 5 (55.6%) benchmark(s) to run. Estimated finish 2026-09-22 1:49 (0h 1m from now) **
Setup power plan (GUID: 8c5e7fda-e8bf-4a96-9a85-a6e23a8c635c FriendlyName: Висока производителност)
// **************************
// Benchmark: BenchmarkTime.ITP: DefaultJob
// *** Execute ***
// Launch: 1 / 1
// Execute: dotnet Root.Benchmark-DefaultJob-1.dll --anonymousPipes 1260 1084 --benchmarkName Root.Benchmark.BenchmarkTime.ITP --job Default --benchmarkId 4 in C:\Users\proek\Documents\GitHub\ModAB-Root-Finding\C#\Root.Benchmark\bin\Release\net10.0\Root.Benchmark-DefaultJob-1\bin\Release\net10.0
// BeforeAnythingElse

// Benchmark Process Environment Information:
// BenchmarkDotNet v0.15.8
// Runtime=.NET 10.0.12 (10.0.12, 10.0.1226.42308), X64 RyuJIT x86-64-v4
// GC=Concurrent Workstation
// HardwareIntrinsics=AVX512 BITALG+VBMI2+VNNI+VPOPCNTDQ,AVX512 IFMA+VBMI,AVX512 F+BW+CD+DQ+VL,AVX2+BMI1+BMI2+F16C+FMA+LZCNT+MOVBE,AVX,SSE3+SSSE3+SSE4.1+SSE4.2+POPCNT,X86Base+SSE+SSE2,AES+PCLMUL VectorSize=256
// Job: DefaultJob

OverheadJitting  1: 1 op, 167500.00 ns, 167.5000 us/op
WorkloadJitting  1: 1 op, 77034200.00 ns, 77.0342 ms/op

WorkloadPilot    1: 2 op, 794500.00 ns, 397.2500 us/op
WorkloadPilot    2: 3 op, 1258400.00 ns, 419.4667 us/op
WorkloadPilot    3: 4 op, 1645900.00 ns, 411.4750 us/op
WorkloadPilot    4: 5 op, 2265500.00 ns, 453.1000 us/op
WorkloadPilot    5: 6 op, 2521700.00 ns, 420.2833 us/op
WorkloadPilot    6: 7 op, 2796200.00 ns, 399.4571 us/op
WorkloadPilot    7: 8 op, 3270500.00 ns, 408.8125 us/op
WorkloadPilot    8: 9 op, 3726500.00 ns, 414.0556 us/op
WorkloadPilot    9: 10 op, 4180500.00 ns, 418.0500 us/op
WorkloadPilot   10: 11 op, 4525700.00 ns, 411.4273 us/op
WorkloadPilot   11: 12 op, 4948900.00 ns, 412.4083 us/op
WorkloadPilot   12: 13 op, 5957000.00 ns, 458.2308 us/op
WorkloadPilot   13: 14 op, 5599400.00 ns, 399.9571 us/op
WorkloadPilot   14: 15 op, 6105300.00 ns, 407.0200 us/op
WorkloadPilot   15: 16 op, 7042700.00 ns, 440.1688 us/op
WorkloadPilot   16: 32 op, 13103500.00 ns, 409.4844 us/op
WorkloadPilot   17: 64 op, 25348700.00 ns, 396.0734 us/op
WorkloadPilot   18: 128 op, 39614000.00 ns, 309.4844 us/op
WorkloadPilot   19: 256 op, 60931800.00 ns, 238.0148 us/op
WorkloadPilot   20: 512 op, 121936100.00 ns, 238.1564 us/op
WorkloadPilot   21: 1024 op, 241546300.00 ns, 235.8851 us/op
WorkloadPilot   22: 2048 op, 497988300.00 ns, 243.1583 us/op
WorkloadPilot   23: 4096 op, 1005031800.00 ns, 245.3691 us/op

WorkloadWarmup   1: 4096 op, 993944300.00 ns, 242.6622 us/op
WorkloadWarmup   2: 4096 op, 966789300.00 ns, 236.0325 us/op
WorkloadWarmup   3: 4096 op, 991544800.00 ns, 242.0764 us/op
WorkloadWarmup   4: 4096 op, 1005289300.00 ns, 245.4320 us/op
WorkloadWarmup   5: 4096 op, 1070166700.00 ns, 261.2712 us/op
WorkloadWarmup   6: 4096 op, 1013725800.00 ns, 247.4917 us/op
WorkloadWarmup   7: 4096 op, 972685300.00 ns, 237.4720 us/op
WorkloadWarmup   8: 4096 op, 1028257300.00 ns, 251.0394 us/op
WorkloadWarmup   9: 4096 op, 976564100.00 ns, 238.4190 us/op

// BeforeActualRun
WorkloadActual   1: 4096 op, 1032675700.00 ns, 252.1181 us/op
WorkloadActual   2: 4096 op, 991021800.00 ns, 241.9487 us/op
WorkloadActual   3: 4096 op, 1072264700.00 ns, 261.7834 us/op
WorkloadActual   4: 4096 op, 959887500.00 ns, 234.3475 us/op
WorkloadActual   5: 4096 op, 1258353200.00 ns, 307.2151 us/op
WorkloadActual   6: 4096 op, 1060536400.00 ns, 258.9200 us/op
WorkloadActual   7: 4096 op, 1093976000.00 ns, 267.0840 us/op
WorkloadActual   8: 4096 op, 1070046100.00 ns, 261.2417 us/op
WorkloadActual   9: 4096 op, 1122096400.00 ns, 273.9493 us/op
WorkloadActual  10: 4096 op, 1277535100.00 ns, 311.8982 us/op
WorkloadActual  11: 4096 op, 1310892000.00 ns, 320.0420 us/op
WorkloadActual  12: 4096 op, 1393608000.00 ns, 340.2363 us/op
WorkloadActual  13: 4096 op, 1274611300.00 ns, 311.1844 us/op
WorkloadActual  14: 4096 op, 1081721500.00 ns, 264.0922 us/op
WorkloadActual  15: 4096 op, 1155769100.00 ns, 282.1702 us/op
WorkloadActual  16: 4096 op, 1115800500.00 ns, 272.4122 us/op
WorkloadActual  17: 4096 op, 1164295200.00 ns, 284.2518 us/op
WorkloadActual  18: 4096 op, 1315509900.00 ns, 321.1694 us/op
WorkloadActual  19: 4096 op, 1064130800.00 ns, 259.7976 us/op
WorkloadActual  20: 4096 op, 1190267700.00 ns, 290.5927 us/op
WorkloadActual  21: 4096 op, 1137845400.00 ns, 277.7943 us/op
WorkloadActual  22: 4096 op, 1108042400.00 ns, 270.5182 us/op
WorkloadActual  23: 4096 op, 1070349800.00 ns, 261.3159 us/op
WorkloadActual  24: 4096 op, 1052590600.00 ns, 256.9801 us/op
WorkloadActual  25: 4096 op, 1073235200.00 ns, 262.0203 us/op
WorkloadActual  26: 4096 op, 1088160600.00 ns, 265.6642 us/op
WorkloadActual  27: 4096 op, 1110843300.00 ns, 271.2020 us/op
WorkloadActual  28: 4096 op, 1183810300.00 ns, 289.0162 us/op
WorkloadActual  29: 4096 op, 1176139600.00 ns, 287.1435 us/op
WorkloadActual  30: 4096 op, 1032449400.00 ns, 252.0628 us/op
WorkloadActual  31: 4096 op, 1024751400.00 ns, 250.1834 us/op
WorkloadActual  32: 4096 op, 1213682300.00 ns, 296.3092 us/op
WorkloadActual  33: 4096 op, 1204456100.00 ns, 294.0567 us/op
WorkloadActual  34: 4096 op, 1054158400.00 ns, 257.3629 us/op
WorkloadActual  35: 4096 op, 1019243200.00 ns, 248.8387 us/op
WorkloadActual  36: 4096 op, 1028930800.00 ns, 251.2038 us/op
WorkloadActual  37: 4096 op, 1072642600.00 ns, 261.8756 us/op
WorkloadActual  38: 4096 op, 1194268100.00 ns, 291.5694 us/op
WorkloadActual  39: 4096 op, 1100406400.00 ns, 268.6539 us/op
WorkloadActual  40: 4096 op, 1304513700.00 ns, 318.4848 us/op
WorkloadActual  41: 4096 op, 1059027800.00 ns, 258.5517 us/op
WorkloadActual  42: 4096 op, 1009353000.00 ns, 246.4241 us/op
WorkloadActual  43: 4096 op, 1164298000.00 ns, 284.2524 us/op
WorkloadActual  44: 4096 op, 1128233700.00 ns, 275.4477 us/op
WorkloadActual  45: 4096 op, 1011789200.00 ns, 247.0188 us/op
WorkloadActual  46: 4096 op, 1035777300.00 ns, 252.8753 us/op
WorkloadActual  47: 4096 op, 1036586200.00 ns, 253.0728 us/op
WorkloadActual  48: 4096 op, 1017145100.00 ns, 248.3264 us/op
WorkloadActual  49: 4096 op, 1059070000.00 ns, 258.5620 us/op
WorkloadActual  50: 4096 op, 1024491400.00 ns, 250.1200 us/op
WorkloadActual  51: 4096 op, 1077468200.00 ns, 263.0538 us/op
WorkloadActual  52: 4096 op, 1030941700.00 ns, 251.6948 us/op
WorkloadActual  53: 4096 op, 999338800.00 ns, 243.9792 us/op
WorkloadActual  54: 4096 op, 1042676200.00 ns, 254.5596 us/op
WorkloadActual  55: 4096 op, 1172193700.00 ns, 286.1801 us/op
WorkloadActual  56: 4096 op, 1167235400.00 ns, 284.9696 us/op
WorkloadActual  57: 4096 op, 1178545700.00 ns, 287.7309 us/op
WorkloadActual  58: 4096 op, 1052662400.00 ns, 256.9977 us/op
WorkloadActual  59: 4096 op, 1266466300.00 ns, 309.1959 us/op
WorkloadActual  60: 4096 op, 1461018700.00 ns, 356.6940 us/op
WorkloadActual  61: 4096 op, 1119152400.00 ns, 273.2306 us/op
WorkloadActual  62: 4096 op, 1260509300.00 ns, 307.7415 us/op
WorkloadActual  63: 4096 op, 1090305500.00 ns, 266.1879 us/op
WorkloadActual  64: 4096 op, 1191199700.00 ns, 290.8202 us/op
WorkloadActual  65: 4096 op, 1216367700.00 ns, 296.9648 us/op
WorkloadActual  66: 4096 op, 1075878800.00 ns, 262.6657 us/op
WorkloadActual  67: 4096 op, 1155769800.00 ns, 282.1704 us/op
WorkloadActual  68: 4096 op, 1086941200.00 ns, 265.3665 us/op
WorkloadActual  69: 4096 op, 1104586000.00 ns, 269.6743 us/op
WorkloadActual  70: 4096 op, 1045594300.00 ns, 255.2720 us/op
WorkloadActual  71: 4096 op, 1051024800.00 ns, 256.5979 us/op
WorkloadActual  72: 4096 op, 1085118700.00 ns, 264.9216 us/op
WorkloadActual  73: 4096 op, 1422282300.00 ns, 347.2369 us/op
WorkloadActual  74: 4096 op, 1019037600.00 ns, 248.7885 us/op
WorkloadActual  75: 4096 op, 1115399400.00 ns, 272.3143 us/op
WorkloadActual  76: 4096 op, 1137831700.00 ns, 277.7909 us/op
WorkloadActual  77: 4096 op, 1074365000.00 ns, 262.2961 us/op
WorkloadActual  78: 4096 op, 1048921500.00 ns, 256.0844 us/op
WorkloadActual  79: 4096 op, 1130872900.00 ns, 276.0920 us/op
WorkloadActual  80: 4096 op, 1078059900.00 ns, 263.1982 us/op
WorkloadActual  81: 4096 op, 1088607800.00 ns, 265.7734 us/op
WorkloadActual  82: 4096 op, 1106137100.00 ns, 270.0530 us/op
WorkloadActual  83: 4096 op, 1009506500.00 ns, 246.4615 us/op
WorkloadActual  84: 4096 op, 1028487000.00 ns, 251.0955 us/op
WorkloadActual  85: 4096 op, 1144054800.00 ns, 279.3103 us/op
WorkloadActual  86: 4096 op, 1078785200.00 ns, 263.3753 us/op
WorkloadActual  87: 4096 op, 1011368000.00 ns, 246.9160 us/op
WorkloadActual  88: 4096 op, 1071230200.00 ns, 261.5308 us/op
WorkloadActual  89: 4096 op, 1074661900.00 ns, 262.3686 us/op
WorkloadActual  90: 4096 op, 1047934800.00 ns, 255.8435 us/op
WorkloadActual  91: 4096 op, 1016530400.00 ns, 248.1764 us/op
WorkloadActual  92: 4096 op, 1030406800.00 ns, 251.5642 us/op
WorkloadActual  93: 4096 op, 1115619500.00 ns, 272.3680 us/op
WorkloadActual  94: 4096 op, 1195301400.00 ns, 291.8216 us/op
WorkloadActual  95: 4096 op, 1080305100.00 ns, 263.7464 us/op
WorkloadActual  96: 4096 op, 1098803800.00 ns, 268.2626 us/op
WorkloadActual  97: 4096 op, 1094555900.00 ns, 267.2256 us/op
WorkloadActual  98: 4096 op, 1058484200.00 ns, 258.4190 us/op
WorkloadActual  99: 4096 op, 1057461200.00 ns, 258.1692 us/op
WorkloadActual  100: 4096 op, 1080932300.00 ns, 263.8995 us/op

// AfterActualRun
WorkloadResult   1: 4096 op, 1032675700.00 ns, 252.1181 us/op
WorkloadResult   2: 4096 op, 991021800.00 ns, 241.9487 us/op
WorkloadResult   3: 4096 op, 1072264700.00 ns, 261.7834 us/op
WorkloadResult   4: 4096 op, 959887500.00 ns, 234.3475 us/op
WorkloadResult   5: 4096 op, 1258353200.00 ns, 307.2151 us/op
WorkloadResult   6: 4096 op, 1060536400.00 ns, 258.9200 us/op
WorkloadResult   7: 4096 op, 1093976000.00 ns, 267.0840 us/op
WorkloadResult   8: 4096 op, 1070046100.00 ns, 261.2417 us/op
WorkloadResult   9: 4096 op, 1122096400.00 ns, 273.9493 us/op
WorkloadResult  10: 4096 op, 1277535100.00 ns, 311.8982 us/op
WorkloadResult  11: 4096 op, 1310892000.00 ns, 320.0420 us/op
WorkloadResult  12: 4096 op, 1274611300.00 ns, 311.1844 us/op
WorkloadResult  13: 4096 op, 1081721500.00 ns, 264.0922 us/op
WorkloadResult  14: 4096 op, 1155769100.00 ns, 282.1702 us/op
WorkloadResult  15: 4096 op, 1115800500.00 ns, 272.4122 us/op
WorkloadResult  16: 4096 op, 1164295200.00 ns, 284.2518 us/op
WorkloadResult  17: 4096 op, 1315509900.00 ns, 321.1694 us/op
WorkloadResult  18: 4096 op, 1064130800.00 ns, 259.7976 us/op
WorkloadResult  19: 4096 op, 1190267700.00 ns, 290.5927 us/op
WorkloadResult  20: 4096 op, 1137845400.00 ns, 277.7943 us/op
WorkloadResult  21: 4096 op, 1108042400.00 ns, 270.5182 us/op
WorkloadResult  22: 4096 op, 1070349800.00 ns, 261.3159 us/op
WorkloadResult  23: 4096 op, 1052590600.00 ns, 256.9801 us/op
WorkloadResult  24: 4096 op, 1073235200.00 ns, 262.0203 us/op
WorkloadResult  25: 4096 op, 1088160600.00 ns, 265.6642 us/op
WorkloadResult  26: 4096 op, 1110843300.00 ns, 271.2020 us/op
WorkloadResult  27: 4096 op, 1183810300.00 ns, 289.0162 us/op
WorkloadResult  28: 4096 op, 1176139600.00 ns, 287.1435 us/op
WorkloadResult  29: 4096 op, 1032449400.00 ns, 252.0628 us/op
WorkloadResult  30: 4096 op, 1024751400.00 ns, 250.1834 us/op
WorkloadResult  31: 4096 op, 1213682300.00 ns, 296.3092 us/op
WorkloadResult  32: 4096 op, 1204456100.00 ns, 294.0567 us/op
WorkloadResult  33: 4096 op, 1054158400.00 ns, 257.3629 us/op
WorkloadResult  34: 4096 op, 1019243200.00 ns, 248.8387 us/op
WorkloadResult  35: 4096 op, 1028930800.00 ns, 251.2038 us/op
WorkloadResult  36: 4096 op, 1072642600.00 ns, 261.8756 us/op
WorkloadResult  37: 4096 op, 1194268100.00 ns, 291.5694 us/op
WorkloadResult  38: 4096 op, 1100406400.00 ns, 268.6539 us/op
WorkloadResult  39: 4096 op, 1304513700.00 ns, 318.4848 us/op
WorkloadResult  40: 4096 op, 1059027800.00 ns, 258.5517 us/op
WorkloadResult  41: 4096 op, 1009353000.00 ns, 246.4241 us/op
WorkloadResult  42: 4096 op, 1164298000.00 ns, 284.2524 us/op
WorkloadResult  43: 4096 op, 1128233700.00 ns, 275.4477 us/op
WorkloadResult  44: 4096 op, 1011789200.00 ns, 247.0188 us/op
WorkloadResult  45: 4096 op, 1035777300.00 ns, 252.8753 us/op
WorkloadResult  46: 4096 op, 1036586200.00 ns, 253.0728 us/op
WorkloadResult  47: 4096 op, 1017145100.00 ns, 248.3264 us/op
WorkloadResult  48: 4096 op, 1059070000.00 ns, 258.5620 us/op
WorkloadResult  49: 4096 op, 1024491400.00 ns, 250.1200 us/op
WorkloadResult  50: 4096 op, 1077468200.00 ns, 263.0538 us/op
WorkloadResult  51: 4096 op, 1030941700.00 ns, 251.6948 us/op
WorkloadResult  52: 4096 op, 999338800.00 ns, 243.9792 us/op
WorkloadResult  53: 4096 op, 1042676200.00 ns, 254.5596 us/op
WorkloadResult  54: 4096 op, 1172193700.00 ns, 286.1801 us/op
WorkloadResult  55: 4096 op, 1167235400.00 ns, 284.9696 us/op
WorkloadResult  56: 4096 op, 1178545700.00 ns, 287.7309 us/op
WorkloadResult  57: 4096 op, 1052662400.00 ns, 256.9977 us/op
WorkloadResult  58: 4096 op, 1266466300.00 ns, 309.1959 us/op
WorkloadResult  59: 4096 op, 1119152400.00 ns, 273.2306 us/op
WorkloadResult  60: 4096 op, 1260509300.00 ns, 307.7415 us/op
WorkloadResult  61: 4096 op, 1090305500.00 ns, 266.1879 us/op
WorkloadResult  62: 4096 op, 1191199700.00 ns, 290.8202 us/op
WorkloadResult  63: 4096 op, 1216367700.00 ns, 296.9648 us/op
WorkloadResult  64: 4096 op, 1075878800.00 ns, 262.6657 us/op
WorkloadResult  65: 4096 op, 1155769800.00 ns, 282.1704 us/op
WorkloadResult  66: 4096 op, 1086941200.00 ns, 265.3665 us/op
WorkloadResult  67: 4096 op, 1104586000.00 ns, 269.6743 us/op
WorkloadResult  68: 4096 op, 1045594300.00 ns, 255.2720 us/op
WorkloadResult  69: 4096 op, 1051024800.00 ns, 256.5979 us/op
WorkloadResult  70: 4096 op, 1085118700.00 ns, 264.9216 us/op
WorkloadResult  71: 4096 op, 1019037600.00 ns, 248.7885 us/op
WorkloadResult  72: 4096 op, 1115399400.00 ns, 272.3143 us/op
WorkloadResult  73: 4096 op, 1137831700.00 ns, 277.7909 us/op
WorkloadResult  74: 4096 op, 1074365000.00 ns, 262.2961 us/op
WorkloadResult  75: 4096 op, 1048921500.00 ns, 256.0844 us/op
WorkloadResult  76: 4096 op, 1130872900.00 ns, 276.0920 us/op
WorkloadResult  77: 4096 op, 1078059900.00 ns, 263.1982 us/op
WorkloadResult  78: 4096 op, 1088607800.00 ns, 265.7734 us/op
WorkloadResult  79: 4096 op, 1106137100.00 ns, 270.0530 us/op
WorkloadResult  80: 4096 op, 1009506500.00 ns, 246.4615 us/op
WorkloadResult  81: 4096 op, 1028487000.00 ns, 251.0955 us/op
WorkloadResult  82: 4096 op, 1144054800.00 ns, 279.3103 us/op
WorkloadResult  83: 4096 op, 1078785200.00 ns, 263.3753 us/op
WorkloadResult  84: 4096 op, 1011368000.00 ns, 246.9160 us/op
WorkloadResult  85: 4096 op, 1071230200.00 ns, 261.5308 us/op
WorkloadResult  86: 4096 op, 1074661900.00 ns, 262.3686 us/op
WorkloadResult  87: 4096 op, 1047934800.00 ns, 255.8435 us/op
WorkloadResult  88: 4096 op, 1016530400.00 ns, 248.1764 us/op
WorkloadResult  89: 4096 op, 1030406800.00 ns, 251.5642 us/op
WorkloadResult  90: 4096 op, 1115619500.00 ns, 272.3680 us/op
WorkloadResult  91: 4096 op, 1195301400.00 ns, 291.8216 us/op
WorkloadResult  92: 4096 op, 1080305100.00 ns, 263.7464 us/op
WorkloadResult  93: 4096 op, 1098803800.00 ns, 268.2626 us/op
WorkloadResult  94: 4096 op, 1094555900.00 ns, 267.2256 us/op
WorkloadResult  95: 4096 op, 1058484200.00 ns, 258.4190 us/op
WorkloadResult  96: 4096 op, 1057461200.00 ns, 258.1692 us/op
WorkloadResult  97: 4096 op, 1080932300.00 ns, 263.8995 us/op

// AfterAll
// Benchmark Process 46804 has exited with code 0.

Mean = 269.238 μs, StdErr = 1.936 μs (0.72%), N = 97, StdDev = 19.063 μs
Min = 234.348 μs, Q1 = 256.084 μs, Median = 263.899 μs, Q3 = 279.310 μs, Max = 321.169 μs
IQR = 23.226 μs, LowerFence = 221.245 μs, UpperFence = 314.149 μs
ConfidenceInterval = [262.667 μs; 275.808 μs] (CI 99.9%), Margin = 6.571 μs (2.44% of Mean)
Skewness = 0.91, Kurtosis = 3.26, MValue = 2.2

// ** Remained 4 (44.4%) benchmark(s) to run. Estimated finish 2026-09-22 1:52 (0h 2m from now) **
Setup power plan (GUID: 8c5e7fda-e8bf-4a96-9a85-a6e23a8c635c FriendlyName: Висока производителност)
// **************************
// Benchmark: BenchmarkTime.Ridders: DefaultJob
// *** Execute ***
// Launch: 1 / 1
// Execute: dotnet Root.Benchmark-DefaultJob-1.dll --anonymousPipes 900 1144 --benchmarkName Root.Benchmark.BenchmarkTime.Ridders --job Default --benchmarkId 5 in C:\Users\proek\Documents\GitHub\ModAB-Root-Finding\C#\Root.Benchmark\bin\Release\net10.0\Root.Benchmark-DefaultJob-1\bin\Release\net10.0
// BeforeAnythingElse

// Benchmark Process Environment Information:
// BenchmarkDotNet v0.15.8
// Runtime=.NET 10.0.12 (10.0.12, 10.0.1226.42308), X64 RyuJIT x86-64-v4
// GC=Concurrent Workstation
// HardwareIntrinsics=AVX512 BITALG+VBMI2+VNNI+VPOPCNTDQ,AVX512 IFMA+VBMI,AVX512 F+BW+CD+DQ+VL,AVX2+BMI1+BMI2+F16C+FMA+LZCNT+MOVBE,AVX,SSE3+SSSE3+SSE4.1+SSE4.2+POPCNT,X86Base+SSE+SSE2,AES+PCLMUL VectorSize=256
// Job: DefaultJob

OverheadJitting  1: 1 op, 186900.00 ns, 186.9000 us/op
WorkloadJitting  1: 1 op, 99151600.00 ns, 99.1516 ms/op

WorkloadPilot    1: 2 op, 607300.00 ns, 303.6500 us/op
WorkloadPilot    2: 3 op, 808400.00 ns, 269.4667 us/op
WorkloadPilot    3: 4 op, 1423300.00 ns, 355.8250 us/op
WorkloadPilot    4: 5 op, 1724000.00 ns, 344.8000 us/op
WorkloadPilot    5: 6 op, 1646700.00 ns, 274.4500 us/op
WorkloadPilot    6: 7 op, 1939600.00 ns, 277.0857 us/op
WorkloadPilot    7: 8 op, 2375000.00 ns, 296.8750 us/op
WorkloadPilot    8: 9 op, 2421400.00 ns, 269.0444 us/op
WorkloadPilot    9: 10 op, 2637400.00 ns, 263.7400 us/op
WorkloadPilot   10: 11 op, 2917800.00 ns, 265.2545 us/op
WorkloadPilot   11: 12 op, 3315300.00 ns, 276.2750 us/op
WorkloadPilot   12: 13 op, 3433500.00 ns, 264.1154 us/op
WorkloadPilot   13: 14 op, 3668100.00 ns, 262.0071 us/op
WorkloadPilot   14: 15 op, 3984400.00 ns, 265.6267 us/op
WorkloadPilot   15: 16 op, 4593700.00 ns, 287.1063 us/op
WorkloadPilot   16: 32 op, 9635200.00 ns, 301.1000 us/op
WorkloadPilot   17: 64 op, 16986700.00 ns, 265.4172 us/op
WorkloadPilot   18: 128 op, 32906200.00 ns, 257.0797 us/op
WorkloadPilot   19: 256 op, 62943500.00 ns, 245.8730 us/op
WorkloadPilot   20: 512 op, 70263900.00 ns, 137.2342 us/op
WorkloadPilot   21: 1024 op, 133141100.00 ns, 130.0206 us/op
WorkloadPilot   22: 2048 op, 255569700.00 ns, 124.7899 us/op
WorkloadPilot   23: 4096 op, 546441400.00 ns, 133.4085 us/op

WorkloadWarmup   1: 4096 op, 505269800.00 ns, 123.3569 us/op
WorkloadWarmup   2: 4096 op, 476276100.00 ns, 116.2783 us/op
WorkloadWarmup   3: 4096 op, 458347400.00 ns, 111.9012 us/op
WorkloadWarmup   4: 4096 op, 548738700.00 ns, 133.9694 us/op
WorkloadWarmup   5: 4096 op, 483906500.00 ns, 118.1412 us/op
WorkloadWarmup   6: 4096 op, 442834800.00 ns, 108.1140 us/op
WorkloadWarmup   7: 4096 op, 433468800.00 ns, 105.8273 us/op
WorkloadWarmup   8: 4096 op, 438685000.00 ns, 107.1008 us/op
WorkloadWarmup   9: 4096 op, 442241700.00 ns, 107.9692 us/op
WorkloadWarmup  10: 4096 op, 436582200.00 ns, 106.5875 us/op

// BeforeActualRun
WorkloadActual   1: 4096 op, 443214300.00 ns, 108.2066 us/op
WorkloadActual   2: 4096 op, 460171000.00 ns, 112.3464 us/op
WorkloadActual   3: 4096 op, 420194700.00 ns, 102.5866 us/op
WorkloadActual   4: 4096 op, 438769500.00 ns, 107.1215 us/op
WorkloadActual   5: 4096 op, 460038200.00 ns, 112.3140 us/op
WorkloadActual   6: 4096 op, 487199700.00 ns, 118.9452 us/op
WorkloadActual   7: 4096 op, 445569900.00 ns, 108.7817 us/op
WorkloadActual   8: 4096 op, 479732100.00 ns, 117.1221 us/op
WorkloadActual   9: 4096 op, 475730200.00 ns, 116.1451 us/op
WorkloadActual  10: 4096 op, 468744500.00 ns, 114.4396 us/op
WorkloadActual  11: 4096 op, 463979400.00 ns, 113.2762 us/op
WorkloadActual  12: 4096 op, 450903400.00 ns, 110.0838 us/op
WorkloadActual  13: 4096 op, 467880700.00 ns, 114.2287 us/op
WorkloadActual  14: 4096 op, 444575200.00 ns, 108.5389 us/op
WorkloadActual  15: 4096 op, 455331900.00 ns, 111.1650 us/op
WorkloadActual  16: 4096 op, 441457200.00 ns, 107.7776 us/op
WorkloadActual  17: 4096 op, 452513600.00 ns, 110.4770 us/op
WorkloadActual  18: 4096 op, 437760600.00 ns, 106.8751 us/op
WorkloadActual  19: 4096 op, 525090900.00 ns, 128.1960 us/op
WorkloadActual  20: 4096 op, 541751100.00 ns, 132.2635 us/op
WorkloadActual  21: 4096 op, 587631700.00 ns, 143.4648 us/op
WorkloadActual  22: 4096 op, 452880000.00 ns, 110.5664 us/op
WorkloadActual  23: 4096 op, 445099300.00 ns, 108.6668 us/op
WorkloadActual  24: 4096 op, 488833600.00 ns, 119.3441 us/op
WorkloadActual  25: 4096 op, 490995200.00 ns, 119.8719 us/op
WorkloadActual  26: 4096 op, 484967200.00 ns, 118.4002 us/op
WorkloadActual  27: 4096 op, 599563500.00 ns, 146.3778 us/op
WorkloadActual  28: 4096 op, 472341600.00 ns, 115.3178 us/op
WorkloadActual  29: 4096 op, 474115100.00 ns, 115.7508 us/op
WorkloadActual  30: 4096 op, 543896300.00 ns, 132.7872 us/op
WorkloadActual  31: 4096 op, 492767400.00 ns, 120.3045 us/op
WorkloadActual  32: 4096 op, 468075300.00 ns, 114.2762 us/op
WorkloadActual  33: 4096 op, 477594700.00 ns, 116.6003 us/op
WorkloadActual  34: 4096 op, 453122200.00 ns, 110.6255 us/op
WorkloadActual  35: 4096 op, 438533900.00 ns, 107.0639 us/op
WorkloadActual  36: 4096 op, 437793900.00 ns, 106.8833 us/op
WorkloadActual  37: 4096 op, 439678900.00 ns, 107.3435 us/op
WorkloadActual  38: 4096 op, 458768600.00 ns, 112.0041 us/op
WorkloadActual  39: 4096 op, 432802000.00 ns, 105.6646 us/op
WorkloadActual  40: 4096 op, 440271800.00 ns, 107.4882 us/op
WorkloadActual  41: 4096 op, 487616400.00 ns, 119.0470 us/op
WorkloadActual  42: 4096 op, 488280600.00 ns, 119.2091 us/op
WorkloadActual  43: 4096 op, 466793200.00 ns, 113.9632 us/op
WorkloadActual  44: 4096 op, 586762100.00 ns, 143.2525 us/op
WorkloadActual  45: 4096 op, 519603700.00 ns, 126.8564 us/op
WorkloadActual  46: 4096 op, 489831400.00 ns, 119.5877 us/op
WorkloadActual  47: 4096 op, 454958400.00 ns, 111.0738 us/op
WorkloadActual  48: 4096 op, 440411800.00 ns, 107.5224 us/op
WorkloadActual  49: 4096 op, 467146400.00 ns, 114.0494 us/op
WorkloadActual  50: 4096 op, 441797800.00 ns, 107.8608 us/op
WorkloadActual  51: 4096 op, 444270400.00 ns, 108.4645 us/op
WorkloadActual  52: 4096 op, 448843800.00 ns, 109.5810 us/op
WorkloadActual  53: 4096 op, 453959300.00 ns, 110.8299 us/op
WorkloadActual  54: 4096 op, 441920100.00 ns, 107.8906 us/op
WorkloadActual  55: 4096 op, 445452200.00 ns, 108.7530 us/op
WorkloadActual  56: 4096 op, 454777100.00 ns, 111.0296 us/op
WorkloadActual  57: 4096 op, 432106800.00 ns, 105.4948 us/op
WorkloadActual  58: 4096 op, 459231700.00 ns, 112.1171 us/op
WorkloadActual  59: 4096 op, 524113700.00 ns, 127.9574 us/op
WorkloadActual  60: 4096 op, 472647500.00 ns, 115.3925 us/op
WorkloadActual  61: 4096 op, 445574700.00 ns, 108.7829 us/op
WorkloadActual  62: 4096 op, 448925300.00 ns, 109.6009 us/op
WorkloadActual  63: 4096 op, 431811100.00 ns, 105.4226 us/op
WorkloadActual  64: 4096 op, 428836100.00 ns, 104.6963 us/op
WorkloadActual  65: 4096 op, 442580300.00 ns, 108.0518 us/op
WorkloadActual  66: 4096 op, 453901600.00 ns, 110.8158 us/op
WorkloadActual  67: 4096 op, 474111500.00 ns, 115.7499 us/op
WorkloadActual  68: 4096 op, 465034200.00 ns, 113.5337 us/op
WorkloadActual  69: 4096 op, 625789800.00 ns, 152.7807 us/op
WorkloadActual  70: 4096 op, 491196700.00 ns, 119.9211 us/op
WorkloadActual  71: 4096 op, 529614100.00 ns, 129.3003 us/op
WorkloadActual  72: 4096 op, 479384400.00 ns, 117.0372 us/op
WorkloadActual  73: 4096 op, 442325700.00 ns, 107.9897 us/op
WorkloadActual  74: 4096 op, 437061400.00 ns, 106.7044 us/op
WorkloadActual  75: 4096 op, 439317200.00 ns, 107.2552 us/op
WorkloadActual  76: 4096 op, 439759800.00 ns, 107.3632 us/op
WorkloadActual  77: 4096 op, 442281100.00 ns, 107.9788 us/op
WorkloadActual  78: 4096 op, 429551100.00 ns, 104.8709 us/op
WorkloadActual  79: 4096 op, 452787100.00 ns, 110.5437 us/op
WorkloadActual  80: 4096 op, 470736100.00 ns, 114.9258 us/op
WorkloadActual  81: 4096 op, 592174500.00 ns, 144.5739 us/op
WorkloadActual  82: 4096 op, 493535800.00 ns, 120.4921 us/op
WorkloadActual  83: 4096 op, 457210200.00 ns, 111.6236 us/op
WorkloadActual  84: 4096 op, 457906000.00 ns, 111.7935 us/op
WorkloadActual  85: 4096 op, 450733600.00 ns, 110.0424 us/op

// AfterActualRun
WorkloadResult   1: 4096 op, 443214300.00 ns, 108.2066 us/op
WorkloadResult   2: 4096 op, 460171000.00 ns, 112.3464 us/op
WorkloadResult   3: 4096 op, 420194700.00 ns, 102.5866 us/op
WorkloadResult   4: 4096 op, 438769500.00 ns, 107.1215 us/op
WorkloadResult   5: 4096 op, 460038200.00 ns, 112.3140 us/op
WorkloadResult   6: 4096 op, 487199700.00 ns, 118.9452 us/op
WorkloadResult   7: 4096 op, 445569900.00 ns, 108.7817 us/op
WorkloadResult   8: 4096 op, 479732100.00 ns, 117.1221 us/op
WorkloadResult   9: 4096 op, 475730200.00 ns, 116.1451 us/op
WorkloadResult  10: 4096 op, 468744500.00 ns, 114.4396 us/op
WorkloadResult  11: 4096 op, 463979400.00 ns, 113.2762 us/op
WorkloadResult  12: 4096 op, 450903400.00 ns, 110.0838 us/op
WorkloadResult  13: 4096 op, 467880700.00 ns, 114.2287 us/op
WorkloadResult  14: 4096 op, 444575200.00 ns, 108.5389 us/op
WorkloadResult  15: 4096 op, 455331900.00 ns, 111.1650 us/op
WorkloadResult  16: 4096 op, 441457200.00 ns, 107.7776 us/op
WorkloadResult  17: 4096 op, 452513600.00 ns, 110.4770 us/op
WorkloadResult  18: 4096 op, 437760600.00 ns, 106.8751 us/op
WorkloadResult  19: 4096 op, 525090900.00 ns, 128.1960 us/op
WorkloadResult  20: 4096 op, 452880000.00 ns, 110.5664 us/op
WorkloadResult  21: 4096 op, 445099300.00 ns, 108.6668 us/op
WorkloadResult  22: 4096 op, 488833600.00 ns, 119.3441 us/op
WorkloadResult  23: 4096 op, 490995200.00 ns, 119.8719 us/op
WorkloadResult  24: 4096 op, 484967200.00 ns, 118.4002 us/op
WorkloadResult  25: 4096 op, 472341600.00 ns, 115.3178 us/op
WorkloadResult  26: 4096 op, 474115100.00 ns, 115.7508 us/op
WorkloadResult  27: 4096 op, 492767400.00 ns, 120.3045 us/op
WorkloadResult  28: 4096 op, 468075300.00 ns, 114.2762 us/op
WorkloadResult  29: 4096 op, 477594700.00 ns, 116.6003 us/op
WorkloadResult  30: 4096 op, 453122200.00 ns, 110.6255 us/op
WorkloadResult  31: 4096 op, 438533900.00 ns, 107.0639 us/op
WorkloadResult  32: 4096 op, 437793900.00 ns, 106.8833 us/op
WorkloadResult  33: 4096 op, 439678900.00 ns, 107.3435 us/op
WorkloadResult  34: 4096 op, 458768600.00 ns, 112.0041 us/op
WorkloadResult  35: 4096 op, 432802000.00 ns, 105.6646 us/op
WorkloadResult  36: 4096 op, 440271800.00 ns, 107.4882 us/op
WorkloadResult  37: 4096 op, 487616400.00 ns, 119.0470 us/op
WorkloadResult  38: 4096 op, 488280600.00 ns, 119.2091 us/op
WorkloadResult  39: 4096 op, 466793200.00 ns, 113.9632 us/op
WorkloadResult  40: 4096 op, 519603700.00 ns, 126.8564 us/op
WorkloadResult  41: 4096 op, 489831400.00 ns, 119.5877 us/op
WorkloadResult  42: 4096 op, 454958400.00 ns, 111.0738 us/op
WorkloadResult  43: 4096 op, 440411800.00 ns, 107.5224 us/op
WorkloadResult  44: 4096 op, 467146400.00 ns, 114.0494 us/op
WorkloadResult  45: 4096 op, 441797800.00 ns, 107.8608 us/op
WorkloadResult  46: 4096 op, 444270400.00 ns, 108.4645 us/op
WorkloadResult  47: 4096 op, 448843800.00 ns, 109.5810 us/op
WorkloadResult  48: 4096 op, 453959300.00 ns, 110.8299 us/op
WorkloadResult  49: 4096 op, 441920100.00 ns, 107.8906 us/op
WorkloadResult  50: 4096 op, 445452200.00 ns, 108.7530 us/op
WorkloadResult  51: 4096 op, 454777100.00 ns, 111.0296 us/op
WorkloadResult  52: 4096 op, 432106800.00 ns, 105.4948 us/op
WorkloadResult  53: 4096 op, 459231700.00 ns, 112.1171 us/op
WorkloadResult  54: 4096 op, 524113700.00 ns, 127.9574 us/op
WorkloadResult  55: 4096 op, 472647500.00 ns, 115.3925 us/op
WorkloadResult  56: 4096 op, 445574700.00 ns, 108.7829 us/op
WorkloadResult  57: 4096 op, 448925300.00 ns, 109.6009 us/op
WorkloadResult  58: 4096 op, 431811100.00 ns, 105.4226 us/op
WorkloadResult  59: 4096 op, 428836100.00 ns, 104.6963 us/op
WorkloadResult  60: 4096 op, 442580300.00 ns, 108.0518 us/op
WorkloadResult  61: 4096 op, 453901600.00 ns, 110.8158 us/op
WorkloadResult  62: 4096 op, 474111500.00 ns, 115.7499 us/op
WorkloadResult  63: 4096 op, 465034200.00 ns, 113.5337 us/op
WorkloadResult  64: 4096 op, 491196700.00 ns, 119.9211 us/op
WorkloadResult  65: 4096 op, 529614100.00 ns, 129.3003 us/op
WorkloadResult  66: 4096 op, 479384400.00 ns, 117.0372 us/op
WorkloadResult  67: 4096 op, 442325700.00 ns, 107.9897 us/op
WorkloadResult  68: 4096 op, 437061400.00 ns, 106.7044 us/op
WorkloadResult  69: 4096 op, 439317200.00 ns, 107.2552 us/op
WorkloadResult  70: 4096 op, 439759800.00 ns, 107.3632 us/op
WorkloadResult  71: 4096 op, 442281100.00 ns, 107.9788 us/op
WorkloadResult  72: 4096 op, 429551100.00 ns, 104.8709 us/op
WorkloadResult  73: 4096 op, 452787100.00 ns, 110.5437 us/op
WorkloadResult  74: 4096 op, 470736100.00 ns, 114.9258 us/op
WorkloadResult  75: 4096 op, 493535800.00 ns, 120.4921 us/op
WorkloadResult  76: 4096 op, 457210200.00 ns, 111.6236 us/op
WorkloadResult  77: 4096 op, 457906000.00 ns, 111.7935 us/op
WorkloadResult  78: 4096 op, 450733600.00 ns, 110.0424 us/op

// AfterAll
// Benchmark Process 45372 has exited with code 0.

Mean = 112.384 μs, StdErr = 0.650 μs (0.58%), N = 78, StdDev = 5.741 μs
Min = 102.587 μs, Q1 = 107.982 μs, Median = 110.930 μs, Q3 = 115.661 μs, Max = 129.300 μs
IQR = 7.679 μs, LowerFence = 96.463 μs, UpperFence = 127.179 μs
ConfidenceInterval = [110.160 μs; 114.609 μs] (CI 99.9%), Margin = 2.224 μs (1.98% of Mean)
Skewness = 0.99, Kurtosis = 3.66, MValue = 2.08

// ** Remained 3 (33.3%) benchmark(s) to run. Estimated finish 2026-09-22 1:52 (0h 2m from now) **
Setup power plan (GUID: 8c5e7fda-e8bf-4a96-9a85-a6e23a8c635c FriendlyName: Висока производителност)
// **************************
// Benchmark: BenchmarkTime.Brent: DefaultJob
// *** Execute ***
// Launch: 1 / 1
// Execute: dotnet Root.Benchmark-DefaultJob-1.dll --anonymousPipes 1172 1276 --benchmarkName Root.Benchmark.BenchmarkTime.Brent --job Default --benchmarkId 6 in C:\Users\proek\Documents\GitHub\ModAB-Root-Finding\C#\Root.Benchmark\bin\Release\net10.0\Root.Benchmark-DefaultJob-1\bin\Release\net10.0
// BeforeAnythingElse

// Benchmark Process Environment Information:
// BenchmarkDotNet v0.15.8
// Runtime=.NET 10.0.12 (10.0.12, 10.0.1226.42308), X64 RyuJIT x86-64-v4
// GC=Concurrent Workstation
// HardwareIntrinsics=AVX512 BITALG+VBMI2+VNNI+VPOPCNTDQ,AVX512 IFMA+VBMI,AVX512 F+BW+CD+DQ+VL,AVX2+BMI1+BMI2+F16C+FMA+LZCNT+MOVBE,AVX,SSE3+SSSE3+SSE4.1+SSE4.2+POPCNT,X86Base+SSE+SSE2,AES+PCLMUL VectorSize=256
// Job: DefaultJob

OverheadJitting  1: 1 op, 167200.00 ns, 167.2000 us/op
WorkloadJitting  1: 1 op, 80576400.00 ns, 80.5764 ms/op

WorkloadPilot    1: 2 op, 529500.00 ns, 264.7500 us/op
WorkloadPilot    2: 3 op, 866800.00 ns, 288.9333 us/op
WorkloadPilot    3: 4 op, 1181400.00 ns, 295.3500 us/op
WorkloadPilot    4: 5 op, 1422600.00 ns, 284.5200 us/op
WorkloadPilot    5: 6 op, 1660300.00 ns, 276.7167 us/op
WorkloadPilot    6: 7 op, 1916800.00 ns, 273.8286 us/op
WorkloadPilot    7: 8 op, 2201600.00 ns, 275.2000 us/op
WorkloadPilot    8: 9 op, 2582600.00 ns, 286.9556 us/op
WorkloadPilot    9: 10 op, 2611800.00 ns, 261.1800 us/op
WorkloadPilot   10: 11 op, 2867900.00 ns, 260.7182 us/op
WorkloadPilot   11: 12 op, 3079800.00 ns, 256.6500 us/op
WorkloadPilot   12: 13 op, 3476600.00 ns, 267.4308 us/op
WorkloadPilot   13: 14 op, 3602600.00 ns, 257.3286 us/op
WorkloadPilot   14: 15 op, 3840600.00 ns, 256.0400 us/op
WorkloadPilot   15: 16 op, 4454800.00 ns, 278.4250 us/op
WorkloadPilot   16: 32 op, 10544500.00 ns, 329.5156 us/op
WorkloadPilot   17: 64 op, 31151500.00 ns, 486.7422 us/op
WorkloadPilot   18: 128 op, 34708800.00 ns, 271.1625 us/op
WorkloadPilot   19: 256 op, 49376800.00 ns, 192.8781 us/op
WorkloadPilot   20: 512 op, 79099200.00 ns, 154.4906 us/op
WorkloadPilot   21: 1024 op, 132299000.00 ns, 129.1982 us/op
WorkloadPilot   22: 2048 op, 264865700.00 ns, 129.3290 us/op
WorkloadPilot   23: 4096 op, 525148700.00 ns, 128.2101 us/op

WorkloadWarmup   1: 4096 op, 508856500.00 ns, 124.2325 us/op
WorkloadWarmup   2: 4096 op, 508772100.00 ns, 124.2119 us/op
WorkloadWarmup   3: 4096 op, 500809200.00 ns, 122.2679 us/op
WorkloadWarmup   4: 4096 op, 501541700.00 ns, 122.4467 us/op
WorkloadWarmup   5: 4096 op, 510632200.00 ns, 124.6661 us/op
WorkloadWarmup   6: 4096 op, 525387800.00 ns, 128.2685 us/op
WorkloadWarmup   7: 4096 op, 562531500.00 ns, 137.3368 us/op
WorkloadWarmup   8: 4096 op, 614188400.00 ns, 149.9483 us/op
WorkloadWarmup   9: 4096 op, 533664800.00 ns, 130.2893 us/op
WorkloadWarmup  10: 4096 op, 526909700.00 ns, 128.6401 us/op
WorkloadWarmup  11: 4096 op, 522882100.00 ns, 127.6568 us/op
WorkloadWarmup  12: 4096 op, 573322600.00 ns, 139.9713 us/op
WorkloadWarmup  13: 4096 op, 519117900.00 ns, 126.7378 us/op

// BeforeActualRun
WorkloadActual   1: 4096 op, 502339700.00 ns, 122.6415 us/op
WorkloadActual   2: 4096 op, 506714500.00 ns, 123.7096 us/op
WorkloadActual   3: 4096 op, 509901300.00 ns, 124.4876 us/op
WorkloadActual   4: 4096 op, 625443000.00 ns, 152.6960 us/op
WorkloadActual   5: 4096 op, 580711800.00 ns, 141.7753 us/op
WorkloadActual   6: 4096 op, 538565000.00 ns, 131.4856 us/op
WorkloadActual   7: 4096 op, 519854200.00 ns, 126.9175 us/op
WorkloadActual   8: 4096 op, 576435900.00 ns, 140.7314 us/op
WorkloadActual   9: 4096 op, 539869400.00 ns, 131.8041 us/op
WorkloadActual  10: 4096 op, 530460000.00 ns, 129.5068 us/op
WorkloadActual  11: 4096 op, 500568600.00 ns, 122.2091 us/op
WorkloadActual  12: 4096 op, 525414900.00 ns, 128.2751 us/op
WorkloadActual  13: 4096 op, 521683500.00 ns, 127.3641 us/op
WorkloadActual  14: 4096 op, 531402100.00 ns, 129.7368 us/op
WorkloadActual  15: 4096 op, 679577700.00 ns, 165.9125 us/op
WorkloadActual  16: 4096 op, 577275300.00 ns, 140.9364 us/op
WorkloadActual  17: 4096 op, 529069100.00 ns, 129.1673 us/op
WorkloadActual  18: 4096 op, 524776900.00 ns, 128.1194 us/op
WorkloadActual  19: 4096 op, 578313100.00 ns, 141.1897 us/op
WorkloadActual  20: 4096 op, 521071400.00 ns, 127.2147 us/op
WorkloadActual  21: 4096 op, 511521900.00 ns, 124.8833 us/op
WorkloadActual  22: 4096 op, 507469100.00 ns, 123.8938 us/op
WorkloadActual  23: 4096 op, 496760400.00 ns, 121.2794 us/op
WorkloadActual  24: 4096 op, 517294900.00 ns, 126.2927 us/op
WorkloadActual  25: 4096 op, 532593400.00 ns, 130.0277 us/op
WorkloadActual  26: 4096 op, 656855800.00 ns, 160.3652 us/op
WorkloadActual  27: 4096 op, 542553700.00 ns, 132.4594 us/op
WorkloadActual  28: 4096 op, 519614400.00 ns, 126.8590 us/op
WorkloadActual  29: 4096 op, 518807900.00 ns, 126.6621 us/op
WorkloadActual  30: 4096 op, 579823000.00 ns, 141.5583 us/op
WorkloadActual  31: 4096 op, 528327200.00 ns, 128.9861 us/op
WorkloadActual  32: 4096 op, 516479400.00 ns, 126.0936 us/op
WorkloadActual  33: 4096 op, 502626100.00 ns, 122.7115 us/op
WorkloadActual  34: 4096 op, 522444300.00 ns, 127.5499 us/op
WorkloadActual  35: 4096 op, 498279100.00 ns, 121.6502 us/op
WorkloadActual  36: 4096 op, 724162900.00 ns, 176.7976 us/op
WorkloadActual  37: 4096 op, 606570100.00 ns, 148.0884 us/op
WorkloadActual  38: 4096 op, 528795700.00 ns, 129.1005 us/op
WorkloadActual  39: 4096 op, 522259900.00 ns, 127.5049 us/op
WorkloadActual  40: 4096 op, 527339800.00 ns, 128.7451 us/op
WorkloadActual  41: 4096 op, 590214000.00 ns, 144.0952 us/op
WorkloadActual  42: 4096 op, 515032500.00 ns, 125.7404 us/op
WorkloadActual  43: 4096 op, 516946900.00 ns, 126.2077 us/op
WorkloadActual  44: 4096 op, 489995300.00 ns, 119.6278 us/op
WorkloadActual  45: 4096 op, 487542500.00 ns, 119.0289 us/op
WorkloadActual  46: 4096 op, 517839200.00 ns, 126.4256 us/op
WorkloadActual  47: 4096 op, 555118200.00 ns, 135.5269 us/op
WorkloadActual  48: 4096 op, 635741200.00 ns, 155.2103 us/op
WorkloadActual  49: 4096 op, 519297500.00 ns, 126.7816 us/op
WorkloadActual  50: 4096 op, 517866000.00 ns, 126.4321 us/op
WorkloadActual  51: 4096 op, 515306500.00 ns, 125.8073 us/op
WorkloadActual  52: 4096 op, 494418100.00 ns, 120.7075 us/op
WorkloadActual  53: 4096 op, 514776800.00 ns, 125.6779 us/op
WorkloadActual  54: 4096 op, 513570800.00 ns, 125.3835 us/op
WorkloadActual  55: 4096 op, 514311900.00 ns, 125.5644 us/op
WorkloadActual  56: 4096 op, 506074200.00 ns, 123.5533 us/op
WorkloadActual  57: 4096 op, 506320400.00 ns, 123.6134 us/op
WorkloadActual  58: 4096 op, 504579000.00 ns, 123.1882 us/op
WorkloadActual  59: 4096 op, 495605500.00 ns, 120.9974 us/op
WorkloadActual  60: 4096 op, 502589200.00 ns, 122.7024 us/op
WorkloadActual  61: 4096 op, 499594400.00 ns, 121.9713 us/op
WorkloadActual  62: 4096 op, 525310800.00 ns, 128.2497 us/op
WorkloadActual  63: 4096 op, 528320300.00 ns, 128.9844 us/op

// AfterActualRun
WorkloadResult   1: 4096 op, 502339700.00 ns, 122.6415 us/op
WorkloadResult   2: 4096 op, 506714500.00 ns, 123.7096 us/op
WorkloadResult   3: 4096 op, 509901300.00 ns, 124.4876 us/op
WorkloadResult   4: 4096 op, 538565000.00 ns, 131.4856 us/op
WorkloadResult   5: 4096 op, 519854200.00 ns, 126.9175 us/op
WorkloadResult   6: 4096 op, 539869400.00 ns, 131.8041 us/op
WorkloadResult   7: 4096 op, 530460000.00 ns, 129.5068 us/op
WorkloadResult   8: 4096 op, 500568600.00 ns, 122.2091 us/op
WorkloadResult   9: 4096 op, 525414900.00 ns, 128.2751 us/op
WorkloadResult  10: 4096 op, 521683500.00 ns, 127.3641 us/op
WorkloadResult  11: 4096 op, 531402100.00 ns, 129.7368 us/op
WorkloadResult  12: 4096 op, 529069100.00 ns, 129.1673 us/op
WorkloadResult  13: 4096 op, 524776900.00 ns, 128.1194 us/op
WorkloadResult  14: 4096 op, 521071400.00 ns, 127.2147 us/op
WorkloadResult  15: 4096 op, 511521900.00 ns, 124.8833 us/op
WorkloadResult  16: 4096 op, 507469100.00 ns, 123.8938 us/op
WorkloadResult  17: 4096 op, 496760400.00 ns, 121.2794 us/op
WorkloadResult  18: 4096 op, 517294900.00 ns, 126.2927 us/op
WorkloadResult  19: 4096 op, 532593400.00 ns, 130.0277 us/op
WorkloadResult  20: 4096 op, 542553700.00 ns, 132.4594 us/op
WorkloadResult  21: 4096 op, 519614400.00 ns, 126.8590 us/op
WorkloadResult  22: 4096 op, 518807900.00 ns, 126.6621 us/op
WorkloadResult  23: 4096 op, 528327200.00 ns, 128.9861 us/op
WorkloadResult  24: 4096 op, 516479400.00 ns, 126.0936 us/op
WorkloadResult  25: 4096 op, 502626100.00 ns, 122.7115 us/op
WorkloadResult  26: 4096 op, 522444300.00 ns, 127.5499 us/op
WorkloadResult  27: 4096 op, 498279100.00 ns, 121.6502 us/op
WorkloadResult  28: 4096 op, 528795700.00 ns, 129.1005 us/op
WorkloadResult  29: 4096 op, 522259900.00 ns, 127.5049 us/op
WorkloadResult  30: 4096 op, 527339800.00 ns, 128.7451 us/op
WorkloadResult  31: 4096 op, 515032500.00 ns, 125.7404 us/op
WorkloadResult  32: 4096 op, 516946900.00 ns, 126.2077 us/op
WorkloadResult  33: 4096 op, 489995300.00 ns, 119.6278 us/op
WorkloadResult  34: 4096 op, 487542500.00 ns, 119.0289 us/op
WorkloadResult  35: 4096 op, 517839200.00 ns, 126.4256 us/op
WorkloadResult  36: 4096 op, 555118200.00 ns, 135.5269 us/op
WorkloadResult  37: 4096 op, 519297500.00 ns, 126.7816 us/op
WorkloadResult  38: 4096 op, 517866000.00 ns, 126.4321 us/op
WorkloadResult  39: 4096 op, 515306500.00 ns, 125.8073 us/op
WorkloadResult  40: 4096 op, 494418100.00 ns, 120.7075 us/op
WorkloadResult  41: 4096 op, 514776800.00 ns, 125.6779 us/op
WorkloadResult  42: 4096 op, 513570800.00 ns, 125.3835 us/op
WorkloadResult  43: 4096 op, 514311900.00 ns, 125.5644 us/op
WorkloadResult  44: 4096 op, 506074200.00 ns, 123.5533 us/op
WorkloadResult  45: 4096 op, 506320400.00 ns, 123.6134 us/op
WorkloadResult  46: 4096 op, 504579000.00 ns, 123.1882 us/op
WorkloadResult  47: 4096 op, 495605500.00 ns, 120.9974 us/op
WorkloadResult  48: 4096 op, 502589200.00 ns, 122.7024 us/op
WorkloadResult  49: 4096 op, 499594400.00 ns, 121.9713 us/op
WorkloadResult  50: 4096 op, 525310800.00 ns, 128.2497 us/op
WorkloadResult  51: 4096 op, 528320300.00 ns, 128.9844 us/op

// AfterAll
// Benchmark Process 42432 has exited with code 0.

Mean = 126.069 μs, StdErr = 0.481 μs (0.38%), N = 51, StdDev = 3.435 μs
Min = 119.029 μs, Q1 = 123.583 μs, Median = 126.293 μs, Q3 = 128.262 μs, Max = 135.527 μs
IQR = 4.679 μs, LowerFence = 116.565 μs, UpperFence = 135.281 μs
ConfidenceInterval = [124.387 μs; 127.750 μs] (CI 99.9%), Margin = 1.682 μs (1.33% of Mean)
Skewness = 0.17, Kurtosis = 2.86, MValue = 2

// ** Remained 2 (22.2%) benchmark(s) to run. Estimated finish 2026-09-22 1:52 (0h 1m from now) **
Setup power plan (GUID: 8c5e7fda-e8bf-4a96-9a85-a6e23a8c635c FriendlyName: Висока производителност)
// **************************
// Benchmark: BenchmarkTime.ModAB: DefaultJob
// *** Execute ***
// Launch: 1 / 1
// Execute: dotnet Root.Benchmark-DefaultJob-1.dll --anonymousPipes 1324 1316 --benchmarkName Root.Benchmark.BenchmarkTime.ModAB --job Default --benchmarkId 7 in C:\Users\proek\Documents\GitHub\ModAB-Root-Finding\C#\Root.Benchmark\bin\Release\net10.0\Root.Benchmark-DefaultJob-1\bin\Release\net10.0
// BeforeAnythingElse

// Benchmark Process Environment Information:
// BenchmarkDotNet v0.15.8
// Runtime=.NET 10.0.12 (10.0.12, 10.0.1226.42308), X64 RyuJIT x86-64-v4
// GC=Concurrent Workstation
// HardwareIntrinsics=AVX512 BITALG+VBMI2+VNNI+VPOPCNTDQ,AVX512 IFMA+VBMI,AVX512 F+BW+CD+DQ+VL,AVX2+BMI1+BMI2+F16C+FMA+LZCNT+MOVBE,AVX,SSE3+SSSE3+SSE4.1+SSE4.2+POPCNT,X86Base+SSE+SSE2,AES+PCLMUL VectorSize=256
// Job: DefaultJob

OverheadJitting  1: 1 op, 194600.00 ns, 194.6000 us/op
WorkloadJitting  1: 1 op, 81898600.00 ns, 81.8986 ms/op

WorkloadPilot    1: 2 op, 366400.00 ns, 183.2000 us/op
WorkloadPilot    2: 3 op, 489800.00 ns, 163.2667 us/op
WorkloadPilot    3: 4 op, 614100.00 ns, 153.5250 us/op
WorkloadPilot    4: 5 op, 844400.00 ns, 168.8800 us/op
WorkloadPilot    5: 6 op, 1017200.00 ns, 169.5333 us/op
WorkloadPilot    6: 7 op, 1054500.00 ns, 150.6429 us/op
WorkloadPilot    7: 8 op, 1235700.00 ns, 154.4625 us/op
WorkloadPilot    8: 9 op, 1327600.00 ns, 147.5111 us/op
WorkloadPilot    9: 10 op, 1392300.00 ns, 139.2300 us/op
WorkloadPilot   10: 11 op, 1556000.00 ns, 141.4545 us/op
WorkloadPilot   11: 12 op, 1783700.00 ns, 148.6417 us/op
WorkloadPilot   12: 13 op, 1752900.00 ns, 134.8385 us/op
WorkloadPilot   13: 14 op, 1864500.00 ns, 133.1786 us/op
WorkloadPilot   14: 15 op, 2106700.00 ns, 140.4467 us/op
WorkloadPilot   15: 16 op, 2365700.00 ns, 147.8563 us/op
WorkloadPilot   16: 32 op, 4321200.00 ns, 135.0375 us/op
WorkloadPilot   17: 64 op, 8539600.00 ns, 133.4313 us/op
WorkloadPilot   18: 128 op, 16203300.00 ns, 126.5883 us/op
WorkloadPilot   19: 256 op, 33546500.00 ns, 131.0410 us/op
WorkloadPilot   20: 512 op, 64971700.00 ns, 126.8979 us/op
WorkloadPilot   21: 1024 op, 92777000.00 ns, 90.6025 us/op
WorkloadPilot   22: 2048 op, 121272100.00 ns, 59.2149 us/op
WorkloadPilot   23: 4096 op, 232433600.00 ns, 56.7465 us/op
WorkloadPilot   24: 8192 op, 472684900.00 ns, 57.7008 us/op
WorkloadPilot   25: 16384 op, 950424400.00 ns, 58.0093 us/op

WorkloadWarmup   1: 16384 op, 966873800.00 ns, 59.0133 us/op
WorkloadWarmup   2: 16384 op, 951990700.00 ns, 58.1049 us/op
WorkloadWarmup   3: 16384 op, 962304900.00 ns, 58.7344 us/op
WorkloadWarmup   4: 16384 op, 927465800.00 ns, 56.6080 us/op
WorkloadWarmup   5: 16384 op, 966144500.00 ns, 58.9688 us/op
WorkloadWarmup   6: 16384 op, 967040500.00 ns, 59.0235 us/op
WorkloadWarmup   7: 16384 op, 988006700.00 ns, 60.3031 us/op
WorkloadWarmup   8: 16384 op, 946117700.00 ns, 57.7464 us/op

// BeforeActualRun
WorkloadActual   1: 16384 op, 934691900.00 ns, 57.0491 us/op
WorkloadActual   2: 16384 op, 972177400.00 ns, 59.3370 us/op
WorkloadActual   3: 16384 op, 979601400.00 ns, 59.7901 us/op
WorkloadActual   4: 16384 op, 968522800.00 ns, 59.1139 us/op
WorkloadActual   5: 16384 op, 973518600.00 ns, 59.4189 us/op
WorkloadActual   6: 16384 op, 950559000.00 ns, 58.0175 us/op
WorkloadActual   7: 16384 op, 931552000.00 ns, 56.8574 us/op
WorkloadActual   8: 16384 op, 951488200.00 ns, 58.0742 us/op
WorkloadActual   9: 16384 op, 1048594700.00 ns, 64.0011 us/op
WorkloadActual  10: 16384 op, 1204967500.00 ns, 73.5454 us/op
WorkloadActual  11: 16384 op, 995363900.00 ns, 60.7522 us/op
WorkloadActual  12: 16384 op, 965544500.00 ns, 58.9322 us/op
WorkloadActual  13: 16384 op, 997490000.00 ns, 60.8820 us/op
WorkloadActual  14: 16384 op, 964799800.00 ns, 58.8867 us/op
WorkloadActual  15: 16384 op, 954664300.00 ns, 58.2681 us/op
WorkloadActual  16: 16384 op, 990798300.00 ns, 60.4735 us/op
WorkloadActual  17: 16384 op, 924131200.00 ns, 56.4045 us/op
WorkloadActual  18: 16384 op, 963464200.00 ns, 58.8052 us/op
WorkloadActual  19: 16384 op, 929843300.00 ns, 56.7531 us/op
WorkloadActual  20: 16384 op, 939571800.00 ns, 57.3469 us/op
WorkloadActual  21: 16384 op, 944464500.00 ns, 57.6455 us/op
WorkloadActual  22: 16384 op, 934662800.00 ns, 57.0473 us/op
WorkloadActual  23: 16384 op, 950099900.00 ns, 57.9895 us/op

// AfterActualRun
WorkloadResult   1: 16384 op, 934691900.00 ns, 57.0491 us/op
WorkloadResult   2: 16384 op, 972177400.00 ns, 59.3370 us/op
WorkloadResult   3: 16384 op, 979601400.00 ns, 59.7901 us/op
WorkloadResult   4: 16384 op, 968522800.00 ns, 59.1139 us/op
WorkloadResult   5: 16384 op, 973518600.00 ns, 59.4189 us/op
WorkloadResult   6: 16384 op, 950559000.00 ns, 58.0175 us/op
WorkloadResult   7: 16384 op, 931552000.00 ns, 56.8574 us/op
WorkloadResult   8: 16384 op, 951488200.00 ns, 58.0742 us/op
WorkloadResult   9: 16384 op, 995363900.00 ns, 60.7522 us/op
WorkloadResult  10: 16384 op, 965544500.00 ns, 58.9322 us/op
WorkloadResult  11: 16384 op, 997490000.00 ns, 60.8820 us/op
WorkloadResult  12: 16384 op, 964799800.00 ns, 58.8867 us/op
WorkloadResult  13: 16384 op, 954664300.00 ns, 58.2681 us/op
WorkloadResult  14: 16384 op, 990798300.00 ns, 60.4735 us/op
WorkloadResult  15: 16384 op, 924131200.00 ns, 56.4045 us/op
WorkloadResult  16: 16384 op, 963464200.00 ns, 58.8052 us/op
WorkloadResult  17: 16384 op, 929843300.00 ns, 56.7531 us/op
WorkloadResult  18: 16384 op, 939571800.00 ns, 57.3469 us/op
WorkloadResult  19: 16384 op, 944464500.00 ns, 57.6455 us/op
WorkloadResult  20: 16384 op, 934662800.00 ns, 57.0473 us/op
WorkloadResult  21: 16384 op, 950099900.00 ns, 57.9895 us/op

// AfterAll
// Benchmark Process 3656 has exited with code 0.

Mean = 58.469 μs, StdErr = 0.292 μs (0.50%), N = 21, StdDev = 1.338 μs
Min = 56.404 μs, Q1 = 57.347 μs, Median = 58.268 μs, Q3 = 59.337 μs, Max = 60.882 μs
IQR = 1.990 μs, LowerFence = 54.362 μs, UpperFence = 62.322 μs
ConfidenceInterval = [57.345 μs; 59.592 μs] (CI 99.9%), Margin = 1.124 μs (1.92% of Mean)
Skewness = 0.24, Kurtosis = 1.87, MValue = 2

// ** Remained 1 (11.1%) benchmark(s) to run. Estimated finish 2026-09-22 1:52 (0h 0m from now) **
Setup power plan (GUID: 8c5e7fda-e8bf-4a96-9a85-a6e23a8c635c FriendlyName: Висока производителност)
// **************************
// Benchmark: BenchmarkTime.ModABCorr: DefaultJob
// *** Execute ***
// Launch: 1 / 1
// Execute: dotnet Root.Benchmark-DefaultJob-1.dll --anonymousPipes 1172 1372 --benchmarkName Root.Benchmark.BenchmarkTime.ModABCorr --job Default --benchmarkId 8 in C:\Users\proek\Documents\GitHub\ModAB-Root-Finding\C#\Root.Benchmark\bin\Release\net10.0\Root.Benchmark-DefaultJob-1\bin\Release\net10.0
// BeforeAnythingElse

// Benchmark Process Environment Information:
// BenchmarkDotNet v0.15.8
// Runtime=.NET 10.0.12 (10.0.12, 10.0.1226.42308), X64 RyuJIT x86-64-v4
// GC=Concurrent Workstation
// HardwareIntrinsics=AVX512 BITALG+VBMI2+VNNI+VPOPCNTDQ,AVX512 IFMA+VBMI,AVX512 F+BW+CD+DQ+VL,AVX2+BMI1+BMI2+F16C+FMA+LZCNT+MOVBE,AVX,SSE3+SSSE3+SSE4.1+SSE4.2+POPCNT,X86Base+SSE+SSE2,AES+PCLMUL VectorSize=256
// Job: DefaultJob

OverheadJitting  1: 1 op, 228500.00 ns, 228.5000 us/op
WorkloadJitting  1: 1 op, 79903000.00 ns, 79.9030 ms/op

WorkloadPilot    1: 2 op, 351400.00 ns, 175.7000 us/op
WorkloadPilot    2: 3 op, 538700.00 ns, 179.5667 us/op
WorkloadPilot    3: 4 op, 729600.00 ns, 182.4000 us/op
WorkloadPilot    4: 5 op, 975200.00 ns, 195.0400 us/op
WorkloadPilot    5: 6 op, 1199200.00 ns, 199.8667 us/op
WorkloadPilot    6: 7 op, 1453100.00 ns, 207.5857 us/op
WorkloadPilot    7: 8 op, 1554100.00 ns, 194.2625 us/op
WorkloadPilot    8: 9 op, 1670000.00 ns, 185.5556 us/op
WorkloadPilot    9: 10 op, 1988800.00 ns, 198.8800 us/op
WorkloadPilot   10: 11 op, 1947800.00 ns, 177.0727 us/op
WorkloadPilot   11: 12 op, 2186700.00 ns, 182.2250 us/op
WorkloadPilot   12: 13 op, 2360200.00 ns, 181.5538 us/op
WorkloadPilot   13: 14 op, 2516100.00 ns, 179.7214 us/op
WorkloadPilot   14: 15 op, 2703900.00 ns, 180.2600 us/op
WorkloadPilot   15: 16 op, 2912900.00 ns, 182.0563 us/op
WorkloadPilot   16: 32 op, 5683700.00 ns, 177.6156 us/op
WorkloadPilot   17: 64 op, 10759800.00 ns, 168.1219 us/op
WorkloadPilot   18: 128 op, 21537300.00 ns, 168.2602 us/op
WorkloadPilot   19: 256 op, 42163200.00 ns, 164.7000 us/op
WorkloadPilot   20: 512 op, 87601400.00 ns, 171.0965 us/op
WorkloadPilot   21: 1024 op, 78422600.00 ns, 76.5846 us/op
WorkloadPilot   22: 2048 op, 133258400.00 ns, 65.0676 us/op
WorkloadPilot   23: 4096 op, 257404300.00 ns, 62.8428 us/op
WorkloadPilot   24: 8192 op, 512067600.00 ns, 62.5083 us/op

WorkloadWarmup   1: 8192 op, 500126400.00 ns, 61.0506 us/op
WorkloadWarmup   2: 8192 op, 498866900.00 ns, 60.8968 us/op
WorkloadWarmup   3: 8192 op, 519576500.00 ns, 63.4249 us/op
WorkloadWarmup   4: 8192 op, 504753100.00 ns, 61.6154 us/op
WorkloadWarmup   5: 8192 op, 499989600.00 ns, 61.0339 us/op
WorkloadWarmup   6: 8192 op, 498011700.00 ns, 60.7924 us/op
WorkloadWarmup   7: 8192 op, 511136200.00 ns, 62.3946 us/op
WorkloadWarmup   8: 8192 op, 497074300.00 ns, 60.6780 us/op

// BeforeActualRun
WorkloadActual   1: 8192 op, 511164300.00 ns, 62.3980 us/op
WorkloadActual   2: 8192 op, 508452400.00 ns, 62.0669 us/op
WorkloadActual   3: 8192 op, 504364300.00 ns, 61.5679 us/op
WorkloadActual   4: 8192 op, 501033500.00 ns, 61.1613 us/op
WorkloadActual   5: 8192 op, 503882900.00 ns, 61.5091 us/op
WorkloadActual   6: 8192 op, 501197800.00 ns, 61.1814 us/op
WorkloadActual   7: 8192 op, 500828500.00 ns, 61.1363 us/op
WorkloadActual   8: 8192 op, 504214900.00 ns, 61.5497 us/op
WorkloadActual   9: 8192 op, 517696000.00 ns, 63.1953 us/op
WorkloadActual  10: 8192 op, 498897000.00 ns, 60.9005 us/op
WorkloadActual  11: 8192 op, 497635500.00 ns, 60.7465 us/op
WorkloadActual  12: 8192 op, 505850100.00 ns, 61.7493 us/op
WorkloadActual  13: 8192 op, 505221600.00 ns, 61.6726 us/op
WorkloadActual  14: 8192 op, 512190900.00 ns, 62.5233 us/op
WorkloadActual  15: 8192 op, 521627000.00 ns, 63.6752 us/op

// AfterActualRun
WorkloadResult   1: 8192 op, 511164300.00 ns, 62.3980 us/op
WorkloadResult   2: 8192 op, 508452400.00 ns, 62.0669 us/op
WorkloadResult   3: 8192 op, 504364300.00 ns, 61.5679 us/op
WorkloadResult   4: 8192 op, 501033500.00 ns, 61.1613 us/op
WorkloadResult   5: 8192 op, 503882900.00 ns, 61.5091 us/op
WorkloadResult   6: 8192 op, 501197800.00 ns, 61.1814 us/op
WorkloadResult   7: 8192 op, 500828500.00 ns, 61.1363 us/op
WorkloadResult   8: 8192 op, 504214900.00 ns, 61.5497 us/op
WorkloadResult   9: 8192 op, 517696000.00 ns, 63.1953 us/op
WorkloadResult  10: 8192 op, 498897000.00 ns, 60.9005 us/op
WorkloadResult  11: 8192 op, 497635500.00 ns, 60.7465 us/op
WorkloadResult  12: 8192 op, 505850100.00 ns, 61.7493 us/op
WorkloadResult  13: 8192 op, 505221600.00 ns, 61.6726 us/op
WorkloadResult  14: 8192 op, 512190900.00 ns, 62.5233 us/op
WorkloadResult  15: 8192 op, 521627000.00 ns, 63.6752 us/op

// AfterAll
// Benchmark Process 45772 has exited with code 0.

Mean = 61.802 μs, StdErr = 0.216 μs (0.35%), N = 15, StdDev = 0.836 μs
Min = 60.747 μs, Q1 = 61.171 μs, Median = 61.568 μs, Q3 = 62.232 μs, Max = 63.675 μs
IQR = 1.061 μs, LowerFence = 59.580 μs, UpperFence = 63.824 μs
ConfidenceInterval = [60.908 μs; 62.696 μs] (CI 99.9%), Margin = 0.894 μs (1.45% of Mean)
Skewness = 0.81, Kurtosis = 2.58, MValue = 2

// ** Remained 0 (0.0%) benchmark(s) to run. Estimated finish 2026-09-22 1:51 (0h 0m from now) **
Successfully reverted power plan (GUID: 8c5e7fda-e8bf-4a96-9a85-a6e23a8c635c FriendlyName: Висока производителност)
// ***** BenchmarkRunner: Finish  *****

// * Export *
  BenchmarkDotNet.Artifacts\results\Root.Benchmark.BenchmarkTime-report.csv
  BenchmarkDotNet.Artifacts\results\Root.Benchmark.BenchmarkTime-report-github.md
  BenchmarkDotNet.Artifacts\results\Root.Benchmark.BenchmarkTime-report.html

// * Detailed results *
BenchmarkTime.Bisection: DefaultJob
Runtime = .NET 10.0.12 (10.0.12, 10.0.1226.42308), X64 RyuJIT x86-64-v4; GC = Concurrent Workstation
Mean = 100.850 μs, StdErr = 0.416 μs (0.41%), N = 15, StdDev = 1.609 μs
Min = 98.611 μs, Q1 = 99.626 μs, Median = 100.559 μs, Q3 = 102.450 μs, Max = 102.962 μs
IQR = 2.824 μs, LowerFence = 95.390 μs, UpperFence = 106.686 μs
ConfidenceInterval = [99.129 μs; 102.570 μs] (CI 99.9%), Margin = 1.720 μs (1.71% of Mean)
Skewness = -0.08, Kurtosis = 1.24, MValue = 2
-------------------- Histogram --------------------
[98.390 μs ; 103.383 μs) | @@@@@@@@@@@@@@@
---------------------------------------------------

BenchmarkTime.FalsePosition: DefaultJob
Runtime = .NET 10.0.12 (10.0.12, 10.0.1226.42308), X64 RyuJIT x86-64-v4; GC = Concurrent Workstation
Mean = 374.007 μs, StdErr = 1.958 μs (0.52%), N = 24, StdDev = 9.590 μs
Min = 363.886 μs, Q1 = 367.259 μs, Median = 370.235 μs, Q3 = 379.480 μs, Max = 401.856 μs
IQR = 12.221 μs, LowerFence = 348.927 μs, UpperFence = 397.811 μs
ConfidenceInterval = [366.632 μs; 381.382 μs] (CI 99.9%), Margin = 7.375 μs (1.97% of Mean)
Skewness = 1.19, Kurtosis = 3.73, MValue = 2
-------------------- Histogram --------------------
[363.285 μs ; 372.012 μs) | @@@@@@@@@@@@@@
[372.012 μs ; 381.812 μs) | @@@@@@
[381.812 μs ; 391.490 μs) | @@@
[391.490 μs ; 406.219 μs) | @
---------------------------------------------------

BenchmarkTime.Illinois: DefaultJob
Runtime = .NET 10.0.12 (10.0.12, 10.0.1226.42308), X64 RyuJIT x86-64-v4; GC = Concurrent Workstation
Mean = 150.245 μs, StdErr = 0.401 μs (0.27%), N = 15, StdDev = 1.554 μs
Min = 148.255 μs, Q1 = 149.132 μs, Median = 149.684 μs, Q3 = 151.244 μs, Max = 152.787 μs
IQR = 2.112 μs, LowerFence = 145.964 μs, UpperFence = 154.412 μs
ConfidenceInterval = [148.583 μs; 151.906 μs] (CI 99.9%), Margin = 1.662 μs (1.11% of Mean)
Skewness = 0.34, Kurtosis = 1.6, MValue = 2
-------------------- Histogram --------------------
[147.428 μs ; 153.195 μs) | @@@@@@@@@@@@@@@
---------------------------------------------------

BenchmarkTime.AndersonBjork: DefaultJob
Runtime = .NET 10.0.12 (10.0.12, 10.0.1226.42308), X64 RyuJIT x86-64-v4; GC = Concurrent Workstation
Mean = 214.853 μs, StdErr = 0.570 μs (0.27%), N = 13, StdDev = 2.057 μs
Min = 211.280 μs, Q1 = 213.564 μs, Median = 214.596 μs, Q3 = 215.918 μs, Max = 218.945 μs
IQR = 2.355 μs, LowerFence = 210.032 μs, UpperFence = 219.450 μs
ConfidenceInterval = [212.389 μs; 217.316 μs] (CI 99.9%), Margin = 2.463 μs (1.15% of Mean)
Skewness = 0.19, Kurtosis = 2.31, MValue = 2
-------------------- Histogram --------------------
[210.132 μs ; 220.093 μs) | @@@@@@@@@@@@@
---------------------------------------------------

BenchmarkTime.ITP: DefaultJob
Runtime = .NET 10.0.12 (10.0.12, 10.0.1226.42308), X64 RyuJIT x86-64-v4; GC = Concurrent Workstation
Mean = 269.238 μs, StdErr = 1.936 μs (0.72%), N = 97, StdDev = 19.063 μs
Min = 234.348 μs, Q1 = 256.084 μs, Median = 263.899 μs, Q3 = 279.310 μs, Max = 321.169 μs
IQR = 23.226 μs, LowerFence = 221.245 μs, UpperFence = 314.149 μs
ConfidenceInterval = [262.667 μs; 275.808 μs] (CI 99.9%), Margin = 6.571 μs (2.44% of Mean)
Skewness = 0.91, Kurtosis = 3.26, MValue = 2.2
-------------------- Histogram --------------------
[233.718 μs ; 245.403 μs) | @@@
[245.403 μs ; 255.570 μs) | @@@@@@@@@@@@@@@@@@@@
[255.570 μs ; 266.461 μs) | @@@@@@@@@@@@@@@@@@@@@@@@@@@@@@@@
[266.461 μs ; 277.884 μs) | @@@@@@@@@@@@@@@@@
[277.884 μs ; 292.441 μs) | @@@@@@@@@@@@@@
[292.441 μs ; 304.111 μs) | @@@
[304.111 μs ; 315.002 μs) | @@@@@
[315.002 μs ; 326.615 μs) | @@@
---------------------------------------------------

BenchmarkTime.Ridders: DefaultJob
Runtime = .NET 10.0.12 (10.0.12, 10.0.1226.42308), X64 RyuJIT x86-64-v4; GC = Concurrent Workstation
Mean = 112.384 μs, StdErr = 0.650 μs (0.58%), N = 78, StdDev = 5.741 μs
Min = 102.587 μs, Q1 = 107.982 μs, Median = 110.930 μs, Q3 = 115.661 μs, Max = 129.300 μs
IQR = 7.679 μs, LowerFence = 96.463 μs, UpperFence = 127.179 μs
ConfidenceInterval = [110.160 μs; 114.609 μs] (CI 99.9%), Margin = 2.224 μs (1.98% of Mean)
Skewness = 0.99, Kurtosis = 3.66, MValue = 2.08
-------------------- Histogram --------------------
[102.362 μs ; 105.889 μs) | @@@@@@
[105.889 μs ; 110.158 μs) | @@@@@@@@@@@@@@@@@@@@@@@@@@@
[110.158 μs ; 113.984 μs) | @@@@@@@@@@@@@@@@@@
[113.984 μs ; 117.349 μs) | @@@@@@@@@@@@@
[117.349 μs ; 121.210 μs) | @@@@@@@@@@
[121.210 μs ; 124.737 μs) | 
[124.737 μs ; 129.842 μs) | @@@@
---------------------------------------------------

BenchmarkTime.Brent: DefaultJob
Runtime = .NET 10.0.12 (10.0.12, 10.0.1226.42308), X64 RyuJIT x86-64-v4; GC = Concurrent Workstation
Mean = 126.069 μs, StdErr = 0.481 μs (0.38%), N = 51, StdDev = 3.435 μs
Min = 119.029 μs, Q1 = 123.583 μs, Median = 126.293 μs, Q3 = 128.262 μs, Max = 135.527 μs
IQR = 4.679 μs, LowerFence = 116.565 μs, UpperFence = 135.281 μs
ConfidenceInterval = [124.387 μs; 127.750 μs] (CI 99.9%), Margin = 1.682 μs (1.33% of Mean)
Skewness = 0.17, Kurtosis = 2.86, MValue = 2
-------------------- Histogram --------------------
[118.938 μs ; 121.544 μs) | @@@@@
[121.544 μs ; 125.202 μs) | @@@@@@@@@@@@@
[125.202 μs ; 130.364 μs) | @@@@@@@@@@@@@@@@@@@@@@@@@@@@@
[130.364 μs ; 133.292 μs) | @@@
[133.292 μs ; 136.743 μs) | @
---------------------------------------------------

BenchmarkTime.ModAB: DefaultJob
Runtime = .NET 10.0.12 (10.0.12, 10.0.1226.42308), X64 RyuJIT x86-64-v4; GC = Concurrent Workstation
Mean = 58.469 μs, StdErr = 0.292 μs (0.50%), N = 21, StdDev = 1.338 μs
Min = 56.404 μs, Q1 = 57.347 μs, Median = 58.268 μs, Q3 = 59.337 μs, Max = 60.882 μs
IQR = 1.990 μs, LowerFence = 54.362 μs, UpperFence = 62.322 μs
ConfidenceInterval = [57.345 μs; 59.592 μs] (CI 99.9%), Margin = 1.124 μs (1.92% of Mean)
Skewness = 0.24, Kurtosis = 1.87, MValue = 2
-------------------- Histogram --------------------
[56.389 μs ; 57.915 μs) | @@@@@@@
[57.915 μs ; 59.188 μs) | @@@@@@@@
[59.188 μs ; 60.972 μs) | @@@@@@
---------------------------------------------------

BenchmarkTime.ModABCorr: DefaultJob
Runtime = .NET 10.0.12 (10.0.12, 10.0.1226.42308), X64 RyuJIT x86-64-v4; GC = Concurrent Workstation
Mean = 61.802 μs, StdErr = 0.216 μs (0.35%), N = 15, StdDev = 0.836 μs
Min = 60.747 μs, Q1 = 61.171 μs, Median = 61.568 μs, Q3 = 62.232 μs, Max = 63.675 μs
IQR = 1.061 μs, LowerFence = 59.580 μs, UpperFence = 63.824 μs
ConfidenceInterval = [60.908 μs; 62.696 μs] (CI 99.9%), Margin = 0.894 μs (1.45% of Mean)
Skewness = 0.81, Kurtosis = 2.58, MValue = 2
-------------------- Histogram --------------------
[60.712 μs ; 64.120 μs) | @@@@@@@@@@@@@@@
---------------------------------------------------

// * Summary *

BenchmarkDotNet v0.15.8, Windows 11 (10.0.26200.9457/25H2/2025Update/HudsonValley2)
Intel Core i7-1065G7 CPU 1.30GHz (Max: 1.50GHz), 1 CPU, 8 logical and 4 physical cores
.NET SDK 10.0.401
  [Host]     : .NET 10.0.12 (10.0.12, 10.0.1226.42308), X64 RyuJIT x86-64-v4
  DefaultJob : .NET 10.0.12 (10.0.12, 10.0.1226.42308), X64 RyuJIT x86-64-v4


| Method        | Mean      | Error    | StdDev    | Median    |
|-------------- |----------:|---------:|----------:|----------:|
| Bisection     | 100.85 μs | 1.720 μs |  1.609 μs | 100.56 μs |
| FalsePosition | 374.01 μs | 7.375 μs |  9.590 μs | 370.24 μs |
| Illinois      | 150.24 μs | 1.662 μs |  1.554 μs | 149.68 μs |
| AndersonBjork | 214.85 μs | 2.463 μs |  2.057 μs | 214.60 μs |
| ITP           | 269.24 μs | 6.571 μs | 19.063 μs | 263.90 μs |
| Ridders       | 112.38 μs | 2.224 μs |  5.741 μs | 110.93 μs |
| Brent         | 126.07 μs | 1.682 μs |  3.435 μs | 126.29 μs |
| ModAB         |  58.47 μs | 1.124 μs |  1.338 μs |  58.27 μs |
| ModABCorr     |  61.80 μs | 0.894 μs |  0.836 μs |  61.57 μs |

// * Hints *
Outliers
  BenchmarkTime.FalsePosition: Default -> 3 outliers were removed (413.02 μs..677.31 μs)
  BenchmarkTime.AndersonBjork: Default -> 2 outliers were removed (235.73 μs, 237.17 μs)
  BenchmarkTime.ITP: Default           -> 3 outliers were removed (340.24 μs..356.69 μs)
  BenchmarkTime.Ridders: Default       -> 7 outliers were removed (132.26 μs..152.78 μs)
  BenchmarkTime.Brent: Default         -> 12 outliers were removed (140.73 μs..176.80 μs)
  BenchmarkTime.ModAB: Default         -> 2 outliers were removed (64.00 μs, 73.55 μs)

// * Legends *
  Mean   : Arithmetic mean of all measurements
  Error  : Half of 99.9% confidence interval
  StdDev : Standard deviation of all measurements
  Median : Value separating the higher half of all measurements (50th percentile)
  1 μs   : 1 Microsecond (0.000001 sec)

// ***** BenchmarkRunner: End *****
Run time: 00:05:49 (349.71 sec), executed benchmarks: 9

Global total time: 00:06:01 (361.75 sec), executed benchmarks: 9
// * Artifacts cleanup *
Artifacts cleanup is finished
